S                                                                                                                   -OOOOOOOOOOOOOO
S                                                                                                                    ++++++++++++++
S                                                                                                                    **************
S                                                                                                                     . ...........
S                                                                                                                                  
S                                                                                                                                  
S                                                                                                                                  
                                                                                                                                   
S                                                                                                                   OOOOOOOOOOOOOOO
S                                                                                                                   -++++++++++++++
S                                                                                                                    **************
S                                                                                                                     .............
S                                                                                                                          --------
S                                                                                                                                  
S                                                                                                                                  
                                                                                                                                   
S                                                                                                                  =OOOOOOOOOOOOOOO
S                                                                                                                   +++++++++++++++
S                                                                                                                   ***************
S                                                                                                                   ...............
S                                                                                                                       -----------
S                                                                                                                                  
S                                                                                                                                  
                                                                                                                                   
S                                                                                                                  OOOOOOOOOOOOOOOO
S                                                                                                                  -+++++++++++++++
S                                                                                                                   ***************
S                                                                                                                    ..............
S                                                                                                                     -------------
S                                                                                                                                  
S                                                                                                                                  
                                                                                                                                   
S                                                                                                                 -OOOOOOOOOOOOOOOO
S                                                                                                                  ++++++++++++++++
S                                                                                                                  ****************
S                                                                                                                    ..............
S                                                                                                                     -------------
S                                                                                                                                  
S                                                                                                                                  
                                                                                                                                   
S                                                                                                                 OOOOOOOOOOOOOOOOO
S                                                                                                                 -++++++++++++++++
S                                                                                                                  ****************
S                                                                                                                  ..............  
S                                                                                                                    ---------     
S                                                                                                                                  
S                                                                                                                                  
                                                                                                                                   
S                                                                                                                 OOOOOOOOOOOOOOOOO
S                                                                                                                 +++++++++++++++++
S                                                                                                                 *****************
S                                                                                                                   .......   .....
S                                                                                                                    -             
S                                                                                                                                  
S                                                                                                                                  
                                                                                                                                   
S                                                                                                                =OOOOOOOOOOOOOOOOO
S                                                                                                                 +++++++++++++++++
S                                                                                                                 *****************
S                                                                                                                 ...... ..........
S                                                                                                                 - --     ---  ---
S                                                                                                                                  
S                                                                                                                                  
                                                                                                                                   
S                                                                                                                OOOOOOOOOOOOOOOOOO
S                                                                                                                -+++++++++++++++++
S                                                                                                                 *****************
S                                                                                                                 .................
S                                                                                                                 - --------- -----
S                                                                                                                                  
S                                                                                                                                  
                                                                                                                                   
S                                                                                                               =OOOOOOOOOOOOOOOOOO
S                                                                                                                ++++++++++++++++++
S                                                                                                                ******************
S                                                                                                                ..................
S                                                                                                                -- -------  -===--
S                                                                                                                                  
S                                                                                                                                  
                                                                                                                                   
S                                                                                                               OOOOOOOOOOOOOOOOOOO
S                                                                                                               +++++++++++++++++++
S                                                                                                               *******************
S                                                                                                                ..................
S                                                                                                                --------  --==----
S                                                                                                                                  
S                                                                                                                                  
                                                                                                                                   
S                                                                                                              +OOOOOOOOOOOOOOOOOOO
S                                                                                                               +++++++++++++++++++
S                                                                                                               *******************
S                                                                                                               .................  
S                                                                                                               --  --   --=----   
S                                                                                                                                  
S                                                                                                                                  
                                                                                                                                   
S                                                                                                              OOOOOOOOOOOOOOOOOOOO
S                                                                                                              +++++++++++++++++++=
S                                                                                                              *****************   
S                                                                                                               .. .  .........    
S                                                                                                                  -  -------      
S                                                                                                                                  
S                                                                                                                                  
                                                                                                                                   
S                                                           --=)I)==--                                        )OOOOOOOOOOOOOOOOOOOO
S                                                                                                              ++++++++++++++++++++
S                                                                                                              *  *********** *    
S                                                                                                              .   .......         
S                                                                                                                   -----          
S                                                                                                                                  
S                                                                                                                                  
                                                                                                                                   
S                                                         -AOOOOOOOOOOO)-                                     OOOOOOOOOOOOOOOOOOOOO
S                                                           ++++++++++-                                       -+++++++++++++++++++-
S                                                             ********                                           ********** **     
S                                                              .......                                            .......          
S                                                               -----                                              --              
S                                                                                                                                  
S                                                                                                                                  
                                                                                                                                   
S                                                    -- ==XXXAMOOOOOOOOOOOOOOZ-                              -OOOOOOOOOOOOOOOOOOOOO
S                                                              -++++=-=+=----                                 +++++++++++++++++==-+
S                                                                *                                            * *************      
S                                                                                                                .......           
S                                                                                                                   ---            
S                                                                                                                                  
S                                                                                                                                  
                                                                                                                                   
S                                               -+ZIZAOMMOOOOOOMMMMOOOOOOMXXZXI -ZZ)-                        XOOOOOOOOOOOOOOOOOOOOO
S                                                     -  -=----    ------                                     ++++++++++++++++=--+X
S                                                                                                             ************ *     **
S                                                                                                              .......           ..
S                                                                                                               - ----           -H
S                                                                                                                                 B
S                                                                                                                                 V
                                                                                                                                   
S                                    -+= -  -XZIAOMMMMMOOOOOOOOOOOOOMAMMOOZIXZA==MAOO-                       OOOOOOOOOOOOOOOOOOOOOO
S                                                -     --=+-------=-    --         --                        ++++++++++++++====-+XX
S                                                                                                             ************      ***
S                                                                                                              .....            ...
S                                                                                                              -----            -HH
S                                                                                                                                BB
S                                                                                                                                VV
                                                                                                                                   
S                                  -ZMMXZAXZXAMOOOMMAAXOOOOAXAXXAMMXZZXAXXAZAAAOOMXMO=                      =OOOOOOOOOOOOOOOOOOOOOO
S                                              ---     --+-                    --   +                        ++++++++++++===+==+XXX
S                                                                                   *                        **********        ****
S                                                                                                            ......            ....
S                                                                                                             ----             -HHH
S                                                                                                                               BBB
S                                                                                                                               VVV
                                                                                                                                   
S                           =Z+ =XZXXXAMMAMMMAAMMMMMMOOOOOOOMMAXXXXXXXXAOOOOOOOMAMOOO                       OOOOOOOOOOOOOOOOOOOOOOO
S                                                    --===--            -------   =++                       =+++++++++===++++++XXXX
S                                                                                  **                        ********      ** *****
S                                                                                  .                         ...              .....
S                                                                                                            --               =HHHH
S                                                                                                                              BBBB
S                                                                                                                              VVVV
                                                                                                                                   
S                         IOOMXZZZIZZXAAAAMMMAMOMMMMMAMOOOOOXXXXXZZXXZZAMOOOOOOOOOOM                       +OOOOOOOOOOOOOOOOOOOOOOO
S                          --                  -       =+==-             ----=--=-=                         ++++++++===+++++++XXXXX
S                                                       *                                                   *******      *** ******
S                                                       .                                                   ..               ......
S                                                       -                                                   --               -HHHHH
S                                                                                                                             BBBBB
S                                                                                                                             VVVVV
                                                                                                                                   
S                       -IOOAZZZZZZZZXAXXAAAAAMMAAXXZOOOOOOOOOAZIZZXXXXZZXAMMMOOO)                         OOOOOOOOOOOOOOOOOOOOOOOO
S                         --                         -=++++++-                --=                          ++++++=+++++++++++XXXXXX
S                                                                                                          ****     ***************
S                                                                                                           .          .... .......
S                                                                                                                           -HHHHHH
S                                                                                                                            BBBBBB
S                                                                                                                            VVVVVV
                                                                                                                                   
S                     +MOOMZIIIZZZZZXXAXXAXXXXXXXXZZMOXZZAAAMOOOOXZZZZZXXXXXZXAXXOA=                      IOOOOOOOOOOOOOOOOOOOOOOOO
S                       --                           -       -+=-                -                         +++=++++++++++++++XXXXXX
S                                                             *                                            *     ******************
S                                                                                                          .      .................
S                                                                                                                 --------- -HHHHHH
S                                                                                                                            CBBBBB
S                                                                                                                             VVVVV
                                                                                                                                   
S                    ZOOMZIIIZZZZXZXXAAAAXAXZZZZZZZZOAMMOOOXMOOOOOZZXAMMMMMAAAAXXXMMMI-                   OOOOOOOOOOOOOOOOOOOOOOOOO
S                     =-                            -   ---  -----                                        -+++++++++++++++++++++XXX
S                                                                                                           ***********************
S                                                                                                             ................ ....
S                                                                                                              ----------- --  -HHH
S                                                                                                                               BBB
S                                                                                                                               VVV
                                                                                                                                   
S                   ZOOAI))IIZZZZZZXXAAAXXZZZZZIZZZMOMOOOOOAMOOOAMMZXMOOOOMXXAAAAXAAMMMMXI=            -ZOOOOOOOOOOOOOOOOOOOOOOOOOO
S                    --                             = --==-  ---      ----                               ++++++++++++++++++++++++XX
S                                                                                                        **************************
S                                                                                                         ..................... ...
S                                                                                                         --------=--------- -- -HH
S                                                                                                                                BB
S                                                                                                                                VV
                                                                                                                                   
S                  XOOZII)IIZZZZZZZZXAMAXZZZZIIIIXAOOOOOOOOXOOOMMAOXZAMMXXZZXXXAXAMMOOOOOOOOI       +OOOOOOOOOOOOOOOOOOOOOOOOOOOOOO
S                   --                             ==---=-- -+-   -                 --------         -++X++++++++++++++++++++++++XX
S                                                                                                     *****************************
S                                                                                                     .......................... ..
S                                                                                                     -=H=======-=-------------  HH
S                                                                                                       C                        BB
S                                                                                                                                 V
                                                                                                                                   
S               -MOOOZII)IIIIZIIIIZAXAAAXAZIIIIIZAMOOOOOOMXXOOOXMMOMZMMAAAAMMMMMMMMOOOOOOOOOOOMMXIZOOOOOOOOOOOOOOOOOOOOOOOOOOOOOOOO
S                 ---                              +-----   =+-   -                -----------     =+++XXXXXXX++++++++++++++++++++X
S                                                            *                                      *******************************
S                                                                                                   ...............................
S                                                                                                    -=HHHHHHH================-  =H
S                                                                                                      CBBCCCC                    B
S                                                                                                                                 V
                                                                                                                                   
S               )OOOXII))IIZZZZZZZXXXXXAMXZZ)IIIAMOOOOOMAXXOOOOXMOOOAOMMMMMOOOOOOOOOOOOOOOOOOOOOOOOOOOOOOOOOOOOOOOOOOOOOOOOOOOOOOOO
S                ---                              -+---    -++-  --- -     ---------===----------------=+++XXXXXXXXXXXXXXXXX+++++++
S                                                  *        **                                          ***************************
S                                                           .                                            ..........................
S                                                           -                                            --HHHHHHHHHHHHHHHHH=--- -=
S                                                                                                          CBBBBBBBBCCCCCCCC       
S                                                                                                                                  
                                                                                                                                   
S              )AMOAII)))IIZIIZZZOXZXXZMAZZII)ZAMOOOOOOMXMOOOOMZXOOOMOOOOOOOOOOOOOOOOOOOOOOOOOOOOOOOOOOOMMOOOOOOOOOOOOOOOOOOOOOOOOO
S                 -              -               -++=--   +++=   --- -------------==+++++=====----------  ---=+++++XXX+++XXXX++++++
S                                                  *      ***                                                 *********************
S                                                          ..                                                  ....................
S                                                          --                                                   --=HHH===HHHH=-----
S                                                                                                                  CCC   CCCC      
S                                                                                                                                  
                                                                                                                                   
S             =OAMMAZI)))II))IIIZZIZZZXZXZZZ))XMOOOOOOOAOOOOOOMMAOOOMOOOOOOOOOOOOOOOOOOOOOOOOOOOOOOOOOOOOOOOOOOOOOOOOOOOOOOOOOOOOOO
S              -                                --+++-- -++++=   --- -==--------=++++++++++++=====+===------------=++++++++++++++++
S                                                 **     ****                      *******                         ****************
S                                                        ....                         ..                           ................
S                                                        -=-                                                        --===========--
S                                                                                                                                  
S                                                                                                                                  
                                                                                                                                   
S             MOMMAAZI)))I)))))IXIZIZZIZZZII)IXMOOOOOOMAOOOOOOOMMOOOMOOOOOOOOOOOOOOOOOOOOOOOOOOOOOOOOOOOOOOOOOOOOOOOOOOOOOOOOOOOOOO
S              -                                =++++=  ++++++-  --- =++-----====++++++++++===-=++++++=-==-=-------=+++++++++++X+++
S                                                 *     *****                     ********                            *************
S                                                 .     ....                        .....                             .............
S                                                        ==-                         ---                               --=----=H=--
S                                                                                                                              C   
S                                                                                                                                  
                                                                                                                                   
S             OMMMAXZ))))III)))IZAZZZZIZIIIIIZMOOOOOOOMOOOOOOOOMMOOOMOOOOOOOOOOOOOOOOOOOOOOOOOOOOOOOOOOOOOOOOOOOOOOOOOOOOOOOOOOOOOO
S             -                                -+++=+- +++++++-  -== +++=---====+++++++++========---=++----=-=------===++++++++++++
S                                                ** *   *****                    ********                               ***********
S                                                       ....                      ......                                 ..........
S                                                       ===-                       ----                                  -------===
S                                                                                                                                  
S                                                                                                                                  
                                                                                                                                   
S            ZOOOOMXZ))III))))))ZZIIZXZZIIIIZXOOOOOOOOOOOOOOOOOOOOOOOOOOOOOOOOOOOOOOOOOOOOOOOOOOOOOOOOOOOOOOOOOOOOOOOOOOOOOOOOOOOOO
S             ----                            -=+++++--+XX++++----==-+==----=+++++++++++++++++++++---=++---------------==++++++++++
S                                               *** *  *****                    *****************     **                  *********
S                                                .     .....                    ...........                               .........
S                                                      -HH=-                     --------                                 -- ----==
S                                                       CC                                                                         
S                                                                                                                                  
                                                                                                                                   
S           IOOOOOMZI))IZIII)))IIZIZXIII)IIIZZOOOOOOOOOOOOOOOOOOOOOOOOOOOOOOOOOOOOOOOOOOOOOOOOOOOOAMMOOOOOOOOOOOOOOOOOOOOOOOOOOOOOO
S            =----                            -=+++++=++XX++++=----+-+----=+++++++++++++++++++++=-   --++--------------=+++++++++++
S                                               ***** ****** *               *******************       *                   **  ****
S                                                . .   ....                   ....... .........                                 ...
S                                                      -HH=                   ------   -------                                  ---
S                                                       CC                                                                         
S                                                                                                                                  
                                                                                                                                   
S          -OOOOOOMXI))IZIZZIIIIZIIZZI)))IIIZAOOOOOOOOOOOOOOOOOOOOOOOOOOOOOOOOOOOOOOOOOOOOOOOOOOMMMMMMOOOOOOOOOOOOOOOOOOOOOOOOOOOOO
S           ------                            -+++++++++XX+++++==-=+==--=++++++++++++++++++++++-      -=++------------===-=+++==+++
S                                               ***** ********             ********************         **                  **   **
S                                               .. .  ......                ......... ........                                    .
S                                                -     -HH-                 --------   -----                                       
S                                                       CC                                                                         
S                                                                                                                                  
                                                                                                                                   
S          ZOOOOOMAZI))IIIIZZZZZIIZZI)))IIZZXMOOOOOOOOOOOOOOOOOOOMOOOOOOOOOOOOOOOOOOOOOOOOOOOOOOOMAAMAMOOOOOOOOOOOOOOOOOOOOOOOOOOOO
S           --==-                             -+++++++++++++++++= ==---=++++++++++++++++++++++=--      -++++=-------------=+++=---=
S                                              ***************           ************ *******            **                 **     
S                                               .. .. ......               .........  .....                                 ..     
S                                               --    -===--               --------    =-                                    -     
S                                                                                                                                  
S                                                                                                                                  
                                                                                                                                   
S          AOOOOOMXI)+)IIIIZZZZZZIZXI)))IIZZAMOOOOOOOOOOOOOOOOOOOOOAMOOOOOOOOOOOOOOOOOOOOOOOOOOOMAXXXMMOOOOOOOOOOOOOOOOMOOOOOOOOOOO
S           -===-                             =++++++++++++++++---+  --+++++++++++++--+X+++++=--       --++++=--------- -++++++-===
S                                              ***************         ************   ******              ***             ****     
S                                               ..  .........           ..........     ..                                 ....     
S                                                   - -===--            ----------     H=                                  --      
S                                                                                      C                                           
S                                                                                                                                  
                                                                                                                                   
S          MOOOOOAZI)))))ZZZZZZZZZZZIIIIIIZXMOOOOOOOOOOOOOOOOOOOOOOXAOOOOOOOOOOOOOOOOOOOOOOOOOOOOMXZZAMMOOOOOOOOOOMOOOOOOOOOOOOOOOO
S           --==-                            -++++++++++++++++---+-  -++++++++++++=---++X++++=---       -=++++=--- ----=++++++++++-
S                                              **** **********   *    ************    **** *              ****          *********  
S                                                .  .........    .     ...........     ..                                ......    
S                                                   - --==--           -=-- --- -      =H                                ----      
S                                                                                       C                                          
S                                                                                                                                  
                                                                                                                                   
S          MOOOOOXZI))IIIIIZIZZZIZZZZIIIZZZAOOOOOOOOOOOOOOOOOOMOOOMOOOOOOAZMOOOOOOOOOOOOOOOOOOOOOMMXXAAAMOOOOOOOOOOOOOOOOOOOOOOOOOO
S           -----                           --=++++++++++++++- -+- --=+++   ++++++---=++X+==+=---        -+++++==-==+++++++++++++++
S                                               *************   *     **     ****     ****                 **        ************* 
S                                                ...........          ..     ....     ....                           ............. 
S                                                  -----=---          --     ---      -=H                             -----------  
S                                                                                       C                                          
S                                                                                                                                  
                                                                                                                                   
S          MMMMMAXII))IIIIIZZIZZZZIIZIIIZZXMOOOOOOOOOOOOOOOOOOOOOMOOOOOOMZXMOOOOOOOOOOOOOOOOOOOOOOAXAZZAMOOOOOOOOOOOOOOOOOOOOOOOOOO
S                                           --=++++++++++++++=++- --=+++    +++++----+++++-=+=----       -=+++--=++++++++++++++++++
S                                               ************* **     **      ****     ****                 **    ******************
S                                                 ..........          .      ....     ...                         ................ 
S                                                  ----=----          -      ---      -==                          ---=--=-----    
S                                                                                                                                  
S                                                                                                                                  
                                                                                                                                   
S          AAMAXZZZI))))))IIIIZZZZIZZIZIIIXMOOOOOOOOOOOOOOOOOOOOOOOOOOOOMXMOOOOOOOOOOOOOOOOOOOOOOMZZZZZZMOOOOOOOOOOOOOOOOOOOOOOOOOO
S                                           --==+++++++++++X+++++++-----   -=++++----+++X+-=++---        --++++++++++++++++++++++++
S                                                ************** **           ****    *****                 *** ********************
S                                                 .............              ...      ....                  .   .................  
S                                                  -------=H=                ---      -=H                        --==-----------   
S                                                          B                            C                                          
S                                                                                                                                  
                                                                                                                                   
S          XXAAZZIII))))I))IIIIIZZIZZIIIIIXMOOOOOOOOOOOOOOOOOOOOOOOOAAZZXAOOOOOOOOOOOOOOOOOOOOOOOMZZZZZXMOOOOOOOOOOOOOOOOOOOOOOOOOO
S                                           ----++++++++++++++++=---      ---+++++===+++++=-++==-        --++++++++++++++++++++++++
S                                                **************              ****    *****   *              ********************** 
S                                                 .. ........                 ...    .....                  .  ..................  
S                                                    -=-----                  ---     --=-                      --==--  --------   
S                                                                                                                                  
S                                                                                                                                  
                                                                                                                                   
S          )AXXZII))))IIIIIIZIIZZZIIIIIIIZXMOOOOOOOOOOOOOOMAXXXZIIIIXX))IAOOOOOOOOOOOOOOOOOOOOOOOMZZZXXMOOOOOOOOOOOOOOOOOOOOOOOOOOO
S                                           ----=++=--+-+-                -=++++++++++++++--+++-=       --=++++++++++++++++++++++++
S                                                **   *                       *****  *****   *             *********************** 
S                                                     .                       ....   .....                  .. .........  .......  
S                                                     -                        --    -----                  -- -------    ----     
S                                                                                                                                  
S                                                                                                                                  
                                                                                                                                   
S          =XZZZII)+))IIIIIIIZZZZZIIIZII)IAOOOOOOOOOAOOOOXZZZZZIIZXZXZZIZMOOOOOOOOOOOOOOOOOOOOOOOMXZXXMOOOOOOOOOOOOOOOOOOOOOOOOOOOO
S                                          -----=+=- -+--                 -+++++++++++++++--++++-      --=+++++++++++++++++++++++++
S                                                                            ******  *****   **            *********************** 
S                                                                             .....  .....    .            ............. .......   
S                                                                              ---    -==-                  -- -------     ---     
S                                                                                                                                  
S                                                                                                                                  
                                                                                                                                   
S          XZZZZII))))IIIIIIIZZZXZIIIZIIIZXOOOOOOOOMAMOOXZZIIZZIIIXXII+IXOOOOOOOOOOOOOOOOOOOOOOOOMXXXXMOOOOOOOOOOOOOOOOOOOOOOOOOOOO
S                                          --------   +=                 -=+++++++++++++++--++++-      --++++++++++++++++++++++++++
S                                                     *                     *******  *****   ***           *********************** 
S                                                                             .....  .....    .            .....................   
S                                                                             -----   -==-                  -- -------    --  -    
S                                                                                                                                  
S                                                                                                                                  
                                                                                                                                   
S          XZZZZZII)))IIIIIIZIIZZIIIIIZZZZZMOOOOOOOOMOOOXZXZZAXZAAMAZMIIAOOOOOOOOOOOOOOOOOOOOOOOOAXXXAMOOOOOOOOOOOOOOOOOOOOOOOOOOOO
S                                           -------- -++                 -=++++++++--+++X+--++++=      -=+++++++++++++++++++++++++=
S                                                                           *******  *****  ****           **********************  
S                                                                            .....    ....   ..             ....................   
S                                                                             ----    -=H-                   ----------   ---      
S                                                                                       C                                          
S                                                                                                                                  
                                                                                                                                   
S          ZAAXZIIIIIIIZIZZIZZZZZIIIIII))IXMOOOOOOOOOOOOOMOMOOOOOOOOOOMAMOOOOOOOOOOOOOOOOOOOOOOOOMXXXXMOOOOOOOOOOOOOOOOOOOOOOOOOOOO
S                                           ----====-+++= - ----------   --+++++++=-=++XX+-=++++=      -==+++++++++++++++++++++++++
S                                                     *                     ******   *****  ****           **********************  
S                                                                            .....    ....    .            .....................   
S                                                                             ---     -HH-                   ---------- ------     
S                                                                                      CB                                          
S                                                                                                                                  
                                                                                                                                   
S          IMMXZIIIII))IZIIIZZZZZIIIIIIIIZAMOOOOOOOOOOOOOOOOOOOOOOOOOOOOOMOOOOOOOOOOOOOOOOOOOOOOOMXXZXOOOOOOOOOOOOOOOOOOOOOOOOOOOOO
S                                           --==++++++++++--------------- -=++++++=-=+++X+-=+++++     -=++++++++++++++++++++++++++=
S                                                 ***** **                   ****    *****  ***            **********************  
S                                                    .. ..                   ....    ....     .            .....................   
S                                                    -- -                    ---      -=H                   ------------------     
S                                                                                       C                                          
S                                                                                                                                  
                                                                                                                                   
S          =MMXZZIIII)IZI))IZIZXII)+))IIZZZAMOOOOOOOOOOOOOOOOOOOOOOOOOOOOOOOOOOOOOOOOOOOOOOOOOOOOOXXZAOOOOOOOOOOOOOOOOOOOOOOOOOOOOO
S                                            --==++++++++X+++++------+-----++++++---=++++=-+++++=-    --+++++++++++++++++++++++++=-
S                                                **************             *****    ****    **          ************************  
S                                                 ............              ....     ....                   ....................   
S                                                  ------H=---              -=--     --==                   --------------------   
S                                                        C                                                                         
S                                                                                                                                  
                                                                                                                                   
S           XZXAXI)IIIIIII)))IZXII)))IIIZZXMOOOOOOOOOOOOOOOOOOOOOMMMOOOAXOOOOOOOOMOOOOOOOOOOOOOOOOAXXAOOOOOOOOOOOOOOOOOOOOOOOOOOOOO
S                                           ---=+++++++++++++++++   ++=  --+++++- --+++X+-=+++++=-    --=+++++++++++++++++++++++++=
S                                                ******* *******     *     *****     ****    **           ***********************  
S                                                 ...... .......     .     ....      ....    .             ......................  
S                                                  ----- -=--==-     -      =--      --H-                   --------------------   
S                                                                                      C                                           
S                                                                                                                                  
                                                                                                                                   
S           MOMMXZI))IIIZZI++)XZI)II)I))IZMOOOOOOOOOOOOOOOOOOOOOOOMAOOOMXOOOOOOOMMMOOOOOOOOOOOOOOOMXXMOOOOOOOOOOOOOOOOOOOOOOOOOOOOO
S            -                             ----++++++++++++=++++++  ++=  --++++=   -+++++-==++++=-    ---++++++++++++++++++++++++=-
S                                               ********* * *****   **     ****      ****    *            ***********************  
S                                                 .......    ....    .      ...      ....                  ....................    
S                                                 ------      -=-    -      -=       -==-                  -------------------     
S                                                                                                                                  
S                                                                                                                                  
                                                                                                                                   
S           )OOMAZI)III)III)))ZXI)IIZI))IZMOOOOOOOOOOOOOOOOOOOOOOOOMOOOOMMOOOOOOMMMMOOOOOOOOOOOOOOAMMMOOOOOOOOOOOOOOOOOOOOOOOOOOOOM
S            --                            ----++++++++++++++++++++ -++-  -+++=-    +++X+--=++=+=-    ---=+++++++++++++++++++++=+- 
S                                               ***********    ***   **     **       ****                 *********************    
S                                               .........      ...   ..     ..       ....                  ...................     
S                                                 -----=-      --    --              -=H                    ------------------     
S                                                                                      C                                           
S                                                                                                                                  
                                                                                                                                   
S            OMXXZZIZZZIIZII)IZZZZ)IZIIIZZMOOOOOOOOOOOOOOOOOOOOOOOOOOOOOOOOOOOOOOOOOOOOOOOOOOOOOOOMAMMOOOOOOOOOOOOOOOOOOOOOOOOOOOOM
S            -                             ---=++++++++++++++=++++++-++++++===------+++X+-=++===--    ---=+++++++++++++++++++++-=- 
S                                              *************    **    ***            ****                  *******************     
S                                               ... ......            ...            ...                   .............. ..       
S                                                -   -==-             --             --H                    ------------           
S                                                                                      C                                           
S                                                                                                                                  
                                                                                                                                   
S            IOXZZZZZZZIIZIIZIZZZIIIZZZZZXAOOOOOOOOOOOOOOOOOOOOOOOOOOOOOOOOOOOOMOOOOOOOOOOOOOOOOOOMMAMMOOOOOOOOOOOOOOOOOOOOOOOOOOOO
S             -                            ---++++++++X+++++++++-=-+=-++++++++- ----++++--====----     --=+++++++++++++++++==+++=--
S                                              ************ *          ******        ***                   **************     *    
S                                              ...  ......             ....          ...                   ...... .  ..            
S                                              --    -H=--             ----          -==                    ---                    
S                                                     C                                                                            
S                                                                                                                                  
                                                                                                                                   
S            -OXZZIZZZXZ)ZZIZIIZIIZZXMZXXXMOOOOOOOOOOOOOOOOOOOOOOOOOOOOOOOOOOOOOOOOOOOOOOOOOOOOOOOOAMOMMOOOOOOOOOOOOOOOOOOOOOOOOOOO
S             -                            ---++++++++X+++++++++--=-+--+++++++=-----++X+-==--------  -  -=++++++++++++++===--+++---
S                                              **   *******  **         ******       ***                  *************      ***   
S                                              ..   ......              .....        ...                   .....              .    
S                                              --    =H=--               ----        -H                     ---                    
S                                                     C                               C                                            
S                                                                                                                                  
                                                                                                                                   
S             ZAZIIZXXXXIZMXZZXZZZXAMAZXXXMMMOOOOOOOOOOOOOOOOOOOOMOOOOMOOOOOOOOOOOOOOOOOOOOOOOOOOOMMMMMOOOOOOOOOOOOOOOOOOOOOOOOOOOZ
S                                            -+++--=++XX++++++++- +-=- -++++++++=---+++==---------     --++++++++++++++=-----++=-- 
S                                              **   ******   ***         *******     **                   ************       **    
S                                              ..    .....                .....      ..                   ..........          .    
S                                               -    =HH-                 -----      =-                   ---                      
S                                                     CC                                                                           
S                                                                                                                                  
                                                                                                                                   
S              XZZZZZXAAXXAMAXMMMOOMMMAAAAMMMOOOOOOOOOOOOOOOOOOOMOOOOOMOOOOOOOOOOOOOOOOOOOOOOOOOOOOMMOOOOOOOOOOOOOOOOOOOOOOOOOOOOOZ
S                                --          -+++---=+X+++==++++ -+==- --+++++++++=-++++=----------  ---++++++++++++===--===++=-=- 
S                                              **    *****   ***  *       *******   ***                  ***********        **     
S                                              .     ....                 .......   ..                   .........          ..     
S                                                    -H=-                  ------    =                    ----                     
S                                                     C                                                                            
S                                                                                                                                  
                                                                                                                                   
S               XZZZZZAMMMOOMOMMOOOMOMMMMAAMOOOOOOOOOOOOOOOOOOOOMOOOOOAMOOOOOOOOOOOOOOOOOOOOOOOMMMMMOOOOOOOOOOOOOOOOOOOOOOOOOOOOOOO
S                         -- -  --- -       --=++----+X+++-==+++ -+++=  --++++++++++++++++-----     ---++++++++++++--=-=+=+++==+=++
S                                              **    ****         **       *************                **********         **    **
S                                                    ....         .        ........ ....                .......                   .
S                                                    -H=-                   --=---  ---                  -----                    -
S                                                     C                                                                            
S                                                                                                                                  
                                                                                                                                   
S               -XZZZZXXMMOOOOOMOOOMMOMMMMAMMMOOOOOOOOOOOOOOOOOOOOOOOOXAOOOOOOOOOOOOOOOOOOOOOOOMMMMMOOOOOOOOOOOOOOOOOOOOOOOOOOOOOOO
S                         ----- ---  -        -++----+++++--=+=+-=+++-  --=++++++++++++++++=---     --=++++++++++=---=++++++==+++++
S                                                    *****        **        **************             *********          *   *****
S                                                    ....         .          ............              ......                  ....
S                                                    -=--                     -=-- ------               -----                   -=-
S                                                                                                                                  
S                                                                                                                                  
                                                                                                                                   
S                -XZZZXAMMMOOOOOOOOOOMMMMAAAAOOOOMOOOOOOOOOOOOOOOOOOOOAMOOOOOOOOOOOOOOOOOOOOOOOOOMOOOOOOOOOOOOOOOOOOOOOOOOOOOOOOOOO
S                          ----------        --== ---+++++---===-=++=-  ---=++++++++++++++++==--- ---+++++++++=----==+++++==+++++++
S                                                     ****        *          ***********              *******           *   *******
S                                                     ....                     ........                .....                 ......
S                                                     =--                      -==-----                --                    --==--
S                                                                                                                                  
S                                                                                                                                  
                                                                                                                                   
S                 IXZZZXMMMMMOOOOOOOOOOOMAAAAOOOOMOOOOOOOOOOOOOOOOOOOMAOOOOOOOOOOOOOOOOOOOOOOOOOOOOOOOOOOOOOOOOOOOOOOOOOOOOOOOOOOOO
S                            -----------     --=+ ----++++---==+-+++=  ----=+++++++++++=--===+=----==++++++++------++++++++++++++++
S                                                     ****         *         **********               ******        *  ** *********
S                                                     ...                      .......                 .                  .........
S                                                     ---                       --==--                                     -==-----
S                                                                                                                                  
S                                                                                                                                  
                                                                                                                                   
S                 -AZZXXAAAAMOMOOOMOMOOOMAAAAOOOOMOOOOOOOOOOOOOOAOOOOMAMOOOOOOOOOOOOOOOOOOOOOOOOOOOOOOOOOOOOOOOOOOOOOOOOOOOOOOOOOOO
S                            - --- - ---     --=+ ----++++---=++ +++=   ---==+++++++++++=--=======--=++++++=-----++++++++++++++++++
S                                                      ***       ***          *********               ****        *****************
S                                                      ..                      .......                                 ............
S                                                      --                        -----                                  --======---
S                                                                                                                                  
S                                                                                                                                  
                                                                                                                                   
S                  +MZXXMMAMMMOOOMMOOOMMMAXAMMOOOMOOOOOOOOOOMOOOMOOOOOMOMOOOOOOOOOOOOOOOOOOOOOOOOOOOOOOOOOOOOOOOOOOOOOOOOOOOOOOOOOO
S                             ---  ---        -=- -----=++-- -== ++++- - ----=+++++++++++==--+++=---=++==----=+++++++++++++++++++++
S                                                       **       ***           ******                           *******************
S                                                       .                       ....                             .  ...............
S                                                       -                                                            ---=======----
S                                                                                                                                  
S                                                                                                                                  
                                                                                                                                   
S                   AOXXAMAXAMMMMMMMMMAAMAZXAAOOOOOOOOMMOOOMAOOOOOOOOOMOMOOOOOOOOOOOOOOOOOOOOOOOOOOOOOOOOOOOOOOOOOOOOOOOOOOOOOOOOOO
S                    -                        --------  ++-  ----+++-- - -----=+++++++=====--===---=+++++++=+++++++++++++++++++++++
S                                                                ***            ****                *****     *********************
S                                                                ..                                   ..         ..................
S                                                                                                      -         ---======---------
S                                                                                                                                  
S                                                                                                                                  
                                                                                                                                   
S                    OOXZXAAAMMMMAMMAAAAAAAXXXAMOOOOOOMAOOOAMOOAOOOOOOOOOOOOOOOOOOOOOOOOOOOOOOOOOOOOOOOOOOOOOOOOOOOOOOOOOOOOOOOOOOO
S                    --                         -=----  -=-  -- -++=-----------=++++=======-==+--++XXXXXX++++++++++++++++++++++++++
S                                                                 *              **              **********************************
S                                                                                                 .................................
S                                                                                                 -HHHHHH--- --========------------
S                                                                                                  CBBBBB                          
S                                                                                                   VVVVV                          
                                                                                                                                   
S                    -XOMXXXAAAMMMMMMMMMMMAAAAAAMOOOOOMMOOOMMMMOOOOOMMMOOMMMOOOOOOOOOOOOOOOOOI-MOOOOOOOOOOOOOOOOOOOOOOOOOOOOOOOOOOO
S                      -                         =----  ---    -=---   --   ----=========--=-   XXXXXXXXXX++X++++++++++++++++++++++
S                                                                                               ***********************************
S                                                                                               ...................................
S                                                                                               HHHHHHHHHH==H=====-----------------
S                                                                                               BBBBBBBBBB  C                      
S                                                                                                VVVVVVVVV                         
                                                                                                                                   
S                      -IOOMXAAAMMMMMOMMMOMMMMAAAOOOMMMAMOMOOOOOOOMMMMAAMMMMMMOOOOOOOOOOOOOI    OOOOOOOOOOOOOOOOOOOOOOOOOOOOOOOOOOO
S                        --          -   -       -+-     - --=+---            -------------     +XXXXXXXXX+++++++++++++++++++++++++
S                                                 *                                             ***********************************
S                                                                                               ...................................
S                                                                                               -HHHHHHHHH=------------------------
S                                                                                                BBBBBBBBC                         
S                                                                                                VVVVVVVV                          
                                                                                                                                   
S                        -MOAXAAMMMMAMOMOMOOOOOMMAOOOOOOOOOOOOOMAAMMMMMMMAMMOOMOOOOOOOOOO-      -OOOOOOOOOOOOOOOOOOOOOOOOOOOOOOOOOO
S                          -          - - -----   -+++--=++++=-             -- ----------        XXXXXX++++++++++++++++++++++++++++
S                                                  ***   ****                                    **********************************
S                                                  ..     ..                                     ..................................
S                                                  --     --                                     HHHHHH=---------------------------
S                                                                                                CBBBCC                            
S                                                                                                 V                                
                                                                                                                                   
S                          =MMAAAAXMAMOMMOOOOOOOOOOOOOOOOOOOAXXAAXXMMMMAMMAMOOOZZ)===--          -OOOOOOOOOOOOOOOOOOOOOOOOOOOOOOOOO
S                                     -  -----===---=+++==--                ---                   =++++++++++++++++++++++++++++++++
S                                                     *                                            ********************************
S                                                                                                  ................................
S                                                                                                  -=------------------------------
S                                                                                                                                  
S                                                                                                                                  
                                                                                                                                   
S                            )XAAMAXXMMOMOOOOOOOOOOOOOOOOXXXXXXXXAAAMMOOMMMMMOO)                    -ZOOOOOOOOOOOOOOOOOOOOOOOOOOOOO
S                                      - ----=+++++++-+=-             --     -+                       =++++++++++++++++++++++++++++
S                                              *****                          *                        ****************************
S                                                                                                      ............................
S                                                                                                       ---------------------------
S                                                                                                                                  
S                                                                                                                                  
                                                                                                                                   
S                               -=+ZXAMMOOOOOOOOOOOOOOOOOOMMOMMMAAXMOMAMMMMOOOOO                        =ZOOOOOOOOOOOOOOOOOOOOOOOOO
S                                       -----=++++++++++=-  -       -      ---++                          +++++++++++++++++++++++++
S                                               ****  **                                                  *************************
S                                                     ..                                                   ........................
S                                                                                                          ---      ---------------
S                                                                                                                                  
S                                                                                                                                  
                                                                                                                                   
S                                   +)AOOOOOOOOOOOOOOOOOOOOOOOOOMAMOOIZZXAMMMMOO                           =MOOOOOOOOOOOOOOOOOOOOOO
S                                      -------+++++++++++=------   --         +-                             ++++++++++++++++++++++
S                                                *  *****                                                    **********************
S                                                   ..                                                        .   .................
S                                                   --                                                                    ---------
S                                                                                                                                  
S                                                                                                                                  
                                                                                                                                   
S                                      -IOOOOOOOOOOOOOOOOOOOOOOOOOOOMAAZZXMOOOO                               )OOOOOOOOOOOOOOOOOOOO
S                                        ------=+++++++=+++++=------       ---=                                ++++++++++++++++++++
S                                                    **                                                        ********************
S                                                    .                                                         ....................
S                                                                                                              -        -----------
S                                                                                                                                  
S                                                                                                                                  
                                                                                                                                   
S                                         =IIMOOOOOOMOOOOOOOOOOOOOOOAZOOMXAOOM-                                OOOOOOOOOOOOOOOOOOOO
S                                             ---==- --=++++++++=---  --   -=                                  ++++++++++++++++++++
S                                                       *****                                                   *******************
S                                                       ....                                                    ...................
S                                                        --                                                     -------------------
S                                                                                                                                  
S                                                                                                                                  
                                                                                                                                   
S                                             ===XOOMMOOOOOOOOOOMI=-   -- -)-                                  IOOOOOOOOOOOOOOOOOOO
S                                                 --  -=+++=--=-                                                +++++++++++++++++++
S                                                       **                                                      *******************
S                                                                                                               ...................
S                                                                                                               -------------------
S                                                                                                                                  
S                                                                                                                                  
                                                                                                                                   
S                                                 --                                                            OOOOOOOOOOOOOOOOOOO
S                                                                                                               +++++++++++++++++++
S                                                                                                               *******************
S                                                                                                               ...................
S                                                                                                                ------------------
S                                                                                                                                  
S                                                                                                                                  
                                                                                                                                   
S                                                                                                               =OOOOOOOOOOOOOOOOOO
S                                                                                                                ++++++++++++++++++
S                                                                                                                ******************
S                                                                                                                ..................
S                                                                                                                ------------------
S                                                                                                                                  
S                                                                                                                                  
                                                                                                                                   
S                                                                                                                OOOOOOOOOOOOOOOOOO
S                                                                                                                ++++++++++++++++++
S                                                                                                                 *****************
S                                                                                                                 .................
S                                                                                                                 -----------------
S                                                                                                                                  
S                                                                                                                                  
                                                                                                                                   
S                                                                                                                -OOOOOOOOOOOOOOOOO
S                                                                                                                 +++++++++++++++++
S                                                                                                                 *****************
S                                                                                                                 .................
S                                                                                                                 -----------------
S                                                                                                                                  
S                                                                                                                                  
                                                                                                                                   
S                                                                                                                 ZOOOOOOOOOOOOOOOO
S                                                                                                                  ++++++++++++++++
S                                                                                                                  ****************
S                                                                                                                  ................
S                                                                                                                  ----------------
S                                                                                                                                  
S                                                                                                                                  
                                                                                                                                   
S                                                                                                                  OOOOOOOOOOOOOOOO
S                                                                                                                  -+++++++++++++++
S                                                                                                                   ***************
S                                                                                                                   ...............
S                                                                                                                   ---------------
S                                                                                                                                  
S                                                                                                                                  
                                                                                                                                   
S                                                                                                                  -OOOOOOOOOOOOOOO
S                                                                                                                   +++++++++++++++
S                                                                                                                   ***************
S                                                                                                                   ...............
S                                                                                                                   ---------------
S                                                                                                                                  
S                                                                                                                                  
                                                                                                                                   
S                                                                                                                   )OOOOOOOOOOOOOO
S                                                                                                                    ++++++++++++++
S                                                                                                                    **************
S                                                                                                                    ..............
S                                                                                                                      ------------
S                                                                                                                                  
S                                                                                                                                  
                                                                                                                                   
S                                                                                                                    OOOOOOOOOOOOOO
S                                                                                                                    -+++++++++++++
S                                                                                                                     *************
S                                                                                                                     .............
S                                                                                                                      ------------
S                                                                                                                                  
S                                                                                                                                  
                                                                                                                                   
S                                                                                                                    -OOOOOOOOOOOOO
S                                                                                                                     +++++++++++++
S                                                                                                                     *************
S                                                                                                                     .............
S                                                                                                                     - -----------
S                                                                                                                                  
S                                                                                                                                  
                                                                                                                                   
Processing date = 04/17/15, Time = 15:28:14 File = C:\1401Pictures\Joe Preston\JoePreston.raw                                       
