 PicToPrint

 Timestamp is 55225d4b (Mon Apr 06 03:17:47 2015)

 Preferred load address is 00400000

 Start         Length     Name                   Class
 0001:00000000 0001401dH .text                   CODE
 0001:0001401d 00010003H .textbss                CODE
 0002:00000000 00001841H .rdata                  DATA
 0002:00001841 00000000H .edata                  DATA
 0003:00000000 00000104H .CRT$XCA                DATA
 0003:00000104 00000104H .CRT$XCZ                DATA
 0003:00000208 00000104H .CRT$XIA                DATA
 0003:0000030c 00000109H .CRT$XIC                DATA
 0003:00000418 00000104H .CRT$XIZ                DATA
 0003:0000051c 00000104H .CRT$XPA                DATA
 0003:00000620 00000109H .CRT$XPX                DATA
 0003:0000072c 00000104H .CRT$XPZ                DATA
 0003:00000830 00000104H .CRT$XTA                DATA
 0003:00000934 00000104H .CRT$XTZ                DATA
 0003:00000a40 00001307H .data                   DATA
 0003:00001d48 0000245cH .bss                    DATA
 0004:00000000 00000014H .idata$2                DATA
 0004:00000014 00000014H .idata$3                DATA
 0004:00000028 00000168H .idata$4                DATA
 0004:00000190 00000168H .idata$5                DATA
 0004:000002f8 00000635H .idata$6                DATA

  Address         Publics by Value              Rva+Base     Lib:Object

 0001:00000010       _main                      00401010 f   PicToPrint.obj
 0001:00000710       __strdate                  00401710 f   LIBCD:strdate.obj
 0001:000007e0       __strtime                  004017e0 f   LIBCD:strtime.obj
 0001:000008b0       ___tzset                   004018b0 f   LIBCD:tzset.obj
 0001:000008e0       __tzset                    004018e0 f   LIBCD:tzset.obj
 0001:00000c60       __isindst                  00401c60 f   LIBCD:tzset.obj
 0001:00001160       _fgetc                     00402160 f   LIBCD:fgetc.obj
 0001:000011f0       _getc                      004021f0 f   LIBCD:fgetc.obj
 0001:00001210       __cinit                    00402210 f   LIBCD:crt0dat.obj
 0001:00001250       _exit                      00402250 f   LIBCD:crt0dat.obj
 0001:00001270       __exit                     00402270 f   LIBCD:crt0dat.obj
 0001:00001290       __cexit                    00402290 f   LIBCD:crt0dat.obj
 0001:000012b0       __c_exit                   004022b0 f   LIBCD:crt0dat.obj
 0001:000013e0       _sprintf                   004023e0 f   LIBCD:sprintf.obj
 0001:000014e0       _fclose                    004024e0 f   LIBCD:fclose.obj
 0001:000015c0       _fread                     004025c0 f   LIBCD:fread.obj
 0001:00001790       __fsopen                   00402790 f   LIBCD:fopen.obj
 0001:00001880       _fopen                     00402880 f   LIBCD:fopen.obj
 0001:000018a0       _fprintf                   004028a0 f   LIBCD:fprintf.obj
 0001:00001950       ___initstdio               00402950 f   LIBCD:_file.obj
 0001:00001a80       ___endstdio                00402a80 f   LIBCD:_file.obj
 0001:00001aa0       _system                    00402aa0 f   LIBCD:system.obj
 0001:00001bb0       _printf                    00402bb0 f   LIBCD:printf.obj
 0001:00001c30       __chkesp                   00402c30 f   LIBCD:chkesp.obj
 0001:00001c70       _mainCRTStartup            00402c70 f   LIBCD:crt0.obj
 0001:00001da0       __amsg_exit                00402da0 f   LIBCD:crt0.obj
 0001:00001e00       _atol                      00402e00 f   LIBCD:atox.obj
 0001:00001f00       _atoi                      00402f00 f   LIBCD:atox.obj
 0001:00001f20       __atoi64                   00402f20 f   LIBCD:atox.obj
 0001:00002050       _strncpy                   00403050 f   LIBCD:strncpy.obj
 0001:00002150       _strcpy                    00403150 f   LIBCD:strcat.obj
 0001:00002160       _strcat                    00403160 f   LIBCD:strcat.obj
 0001:00002240       _malloc                    00403240 f   LIBCD:dbgheap.obj
 0001:00002260       __malloc_dbg               00403260 f   LIBCD:dbgheap.obj
 0001:00002290       __nh_malloc                00403290 f   LIBCD:dbgheap.obj
 0001:000022b0       __nh_malloc_dbg            004032b0 f   LIBCD:dbgheap.obj
 0001:00002300       __heap_alloc               00403300 f   LIBCD:dbgheap.obj
 0001:00002320       __heap_alloc_dbg           00403320 f   LIBCD:dbgheap.obj
 0001:00002640       _calloc                    00403640 f   LIBCD:dbgheap.obj
 0001:00002660       __calloc_dbg               00403660 f   LIBCD:dbgheap.obj
 0001:000026c0       _realloc                   004036c0 f   LIBCD:dbgheap.obj
 0001:000026e0       __realloc_dbg              004036e0 f   LIBCD:dbgheap.obj
 0001:00002c30       __expand                   00403c30 f   LIBCD:dbgheap.obj
 0001:00002c50       __expand_dbg               00403c50 f   LIBCD:dbgheap.obj
 0001:00002c80       _free                      00403c80 f   LIBCD:dbgheap.obj
 0001:00002ca0       __free_dbg                 00403ca0 f   LIBCD:dbgheap.obj
 0001:00003090       __msize                    00404090 f   LIBCD:dbgheap.obj
 0001:000030b0       __msize_dbg                004040b0 f   LIBCD:dbgheap.obj
 0001:00003200       __CrtSetBreakAlloc         00404200 f   LIBCD:dbgheap.obj
 0001:00003220       __CrtSetDbgBlockType       00404220 f   LIBCD:dbgheap.obj
 0001:000032b0       __CrtSetAllocHook          004042b0 f   LIBCD:dbgheap.obj
 0001:00003360       __CrtCheckMemory           00404360 f   LIBCD:dbgheap.obj
 0001:000036c0       __CrtSetDbgFlag            004046c0 f   LIBCD:dbgheap.obj
 0001:000036f0       __CrtDoForAllClientObjects 004046f0 f   LIBCD:dbgheap.obj
 0001:00003750       __CrtIsValidPointer        00404750 f   LIBCD:dbgheap.obj
 0001:000037a0       __CrtIsValidHeapPointer    004047a0 f   LIBCD:dbgheap.obj
 0001:00003830       __CrtIsMemoryBlock         00404830 f   LIBCD:dbgheap.obj
 0001:00003900       __CrtSetDumpClient         00404900 f   LIBCD:dbgheap.obj
 0001:00003920       __CrtMemCheckpoint         00404920 f   LIBCD:dbgheap.obj
 0001:00003a80       __CrtMemDifference         00404a80 f   LIBCD:dbgheap.obj
 0001:00003bb0       __CrtMemDumpAllObjectsSince 00404bb0 f   LIBCD:dbgheap.obj
 0001:00003f80       __CrtDumpMemoryLeaks       00404f80 f   LIBCD:dbgheap.obj
 0001:00004000       __CrtMemDumpStatistics     00405000 f   LIBCD:dbgheap.obj
 0001:000040d0       _strlen                    004050d0 f   LIBCD:strlen.obj
 0001:00004150       _strcmp                    00405150 f   LIBCD:strcmp.obj
 0001:000041e0       _getenv                    004051e0 f   LIBCD:getenv.obj
 0001:000042b0       __filbuf                   004052b0 f   LIBCD:_filbuf.obj
 0001:00004490       __CrtDbgBreak              00405490 f   LIBCD:dbgrpt.obj
 0001:000044a0       __CrtSetReportMode         004054a0 f   LIBCD:dbgrpt.obj
 0001:00004500       __CrtSetReportFile         00405500 f   LIBCD:dbgrpt.obj
 0001:00004580       __CrtSetReportHook         00405580 f   LIBCD:dbgrpt.obj
 0001:000045a0       __CrtDbgReport             004055a0 f   LIBCD:dbgrpt.obj
 0001:00004c40       __flsbuf                   00405c40 f   LIBCD:_flsbuf.obj
 0001:00004ec0       __output                   00405ec0 f   LIBCD:output.obj
 0001:00005d60       __close                    00406d60 f   LIBCD:close.obj
 0001:00005e50       __freebuf                  00406e50 f   LIBCD:_freebuf.obj
 0001:00005ef0       _fflush                    00406ef0 f   LIBCD:fflush.obj
 0001:00005f50       __flush                    00406f50 f   LIBCD:fflush.obj
 0001:00006010       __flushall                 00407010 f   LIBCD:fflush.obj
 0001:00006100       __read                     00407100 f   LIBCD:read.obj
 0001:00006560       _memcpy                    00407560 f   LIBCD:memcpy.obj
 0001:000068a0       __openfile                 004078a0 f   LIBCD:_open.obj
 0001:00006c30       __getstream                00407c30 f   LIBCD:stream.obj
 0001:00006d20       __stbuf                    00407d20 f   LIBCD:_sftbuf.obj
 0001:00006e80       __ftbuf                    00407e80 f   LIBCD:_sftbuf.obj
 0001:00006f40       __ioinit                   00407f40 f   LIBCD:ioinit.obj
 0001:00007250       __ioterm                   00408250 f   LIBCD:ioinit.obj
 0001:000072b0       __fcloseall                004082b0 f   LIBCD:closeall.obj
 0001:00007360       __spawnvpe                 00408360 f   LIBCD:spawnvpe.obj
 0001:00007640       __spawnve                  00408640 f   LIBCD:spawnve.obj
 0001:000078b0       __access                   004088b0 f   LIBCD:access.obj
 0001:00007910       __XcptFilter               00408910 f   LIBCD:winxfltr.obj
 0001:00007b20       __setenvp                  00408b20 f   LIBCD:stdenvp.obj
 0001:00007c70       __setargv                  00408c70 f   LIBCD:stdargv.obj
 0001:00008180       ___crtGetEnvironmentStringsA 00409180 f   LIBCD:a_env.obj
 0001:000083a0       __heap_init                004093a0 f   LIBCD:heapinit.obj
 0001:000083f0       __heap_term                004093f0 f   LIBCD:heapinit.obj
 0001:0000848c       __global_unwind2           0040948c f   LIBCD:exsup.obj
 0001:000084ce       __local_unwind2            004094ce f   LIBCD:exsup.obj
 0001:00008526       __NLG_Return2              00409526 f   LIBCD:exsup.obj
 0001:00008536       __abnormal_termination     00409536 f   LIBCD:exsup.obj
 0001:00008559       __NLG_Notify1              00409559 f   LIBCD:exsup.obj
 0001:00008562       __NLG_Notify               00409562 f   LIBCD:exsup.obj
 0001:00008575       __NLG_Dispatch             00409575 f   LIBCD:exsup.obj
 0001:00008584       __except_handler3          00409584 f   LIBCD:exsup3.obj
 0001:00008641       __seh_longjmp_unwind@4     00409641 f   LIBCD:exsup3.obj
 0001:00008660       __FF_MSGBANNER             00409660 f   LIBCD:crt0msg.obj
 0001:000086b0       __NMSG_WRITE               004096b0 f   LIBCD:crt0msg.obj
 0001:00008870       __GET_RTERRMSG             00409870 f   LIBCD:crt0msg.obj
 0001:000088c0       __isctype                  004098c0 f   LIBCD:isctype.obj
 0001:00008980       __allmul                   00409980 f   LIBCD:llmul.obj
 0001:000089c0       ?_set_new_handler@@YAP6AHI@ZP6AHI@Z@Z 004099c0 f   LIBCD:handler.obj
 0001:000089e0       ?_query_new_handler@@YAP6AHI@ZXZ 004099e0 f   LIBCD:handler.obj
 0001:000089f0       __callnewh                 004099f0 f   LIBCD:handler.obj
 0001:00008a20       _memset                    00409a20 f   LIBCD:memset.obj
 0001:00008a80       __malloc_base              00409a80 f   LIBCD:malloc.obj
 0001:00008aa0       __nh_malloc_base           00409aa0 f   LIBCD:malloc.obj
 0001:00008b00       __heap_alloc_base          00409b00 f   LIBCD:malloc.obj
 0001:00008b60       __CrtDefaultAllocHook      00409b60 f   LIBCD:dbghook.obj
 0001:00008b70       __expand_base              00409b70 f   LIBCD:expand.obj
 0001:00008c00       __realloc_base             00409c00 f   LIBCD:realloc.obj
 0001:00008dd0       __free_base                00409dd0 f   LIBCD:free.obj
 0001:00008e20       __heapchk                  00409e20 f   LIBCD:heapchk.obj
 0001:00008e80       __heapset                  00409e80 f   LIBCD:heapchk.obj
 0001:00008e90       __get_sbh_threshold        00409e90 f   LIBCD:sbheap.obj
 0001:00008ea0       __set_sbh_threshold        00409ea0 f   LIBCD:sbheap.obj
 0001:00008ec0       ___sbh_heap_init           00409ec0 f   LIBCD:sbheap.obj
 0001:00008f20       ___sbh_find_block          00409f20 f   LIBCD:sbheap.obj
 0001:00008f80       ___sbh_verify_block        00409f80 f   LIBCD:sbheap.obj
 0001:00008fe0       ___sbh_free_block          00409fe0 f   LIBCD:sbheap.obj
 0001:000095b0       ___sbh_alloc_block         0040a5b0 f   LIBCD:sbheap.obj
 0001:00009af0       ___sbh_alloc_new_region    0040aaf0 f   LIBCD:sbheap.obj
 0001:00009c00       ___sbh_alloc_new_group     0040ac00 f   LIBCD:sbheap.obj
 0001:00009df0       ___sbh_resize_block        0040adf0 f   LIBCD:sbheap.obj
 0001:0000a3e0       ___sbh_heapmin             0040b3e0 f   LIBCD:sbheap.obj
 0001:0000a510       ___sbh_heap_check          0040b510 f   LIBCD:sbheap.obj
 0001:0000ab30       __mbsnbicoll               0040bb30 f   LIBCD:mbsnbico.obj
 0001:0000ab80       ___wtomb_environ           0040bb80 f   LIBCD:wtombenv.obj
 0001:0000ac30       __getbuf                   0040bc30 f   LIBCD:_getbuf.obj
 0001:0000ad00       __itoa                     0040bd00 f   LIBCD:xtoa.obj
 0001:0000ae20       __ltoa                     0040be20 f   LIBCD:xtoa.obj
 0001:0000ae60       __ultoa                    0040be60 f   LIBCD:xtoa.obj
 0001:0000ae80       __i64toa                   0040be80 f   LIBCD:xtoa.obj
 0001:0000afd0       __ui64toa                  0040bfd0 f   LIBCD:xtoa.obj
 0001:0000aff0       __snprintf                 0040bff0 f   LIBCD:snprintf.obj
 0001:0000b0f0       __vsnprintf                0040c0f0 f   LIBCD:vsnprint.obj
 0001:0000b1f0       __alloca_probe             0040c1f0 f   LIBCD:chkstk.obj
 0001:0000b1f0       __chkstk                   0040c1f0 f   LIBCD:chkstk.obj
 0001:0000b220       _signal                    0040c220 f   LIBCD:winsig.obj
 0001:0000b430       _raise                     0040c430 f   LIBCD:winsig.obj
 0001:0000b650       ___crtMessageBoxA          0040c650 f   LIBCD:crtmbox.obj
 0001:0000b710       __lseek                    0040c710 f   LIBCD:lseek.obj
 0001:0000b800       __write                    0040c800 f   LIBCD:write.obj
 0001:0000bab0       __isatty                   0040cab0 f   LIBCD:isatty.obj
 0001:0000bae0       _wctomb                    0040cae0 f   LIBCD:wctomb.obj
 0001:0000bb80       __aulldiv                  0040cb80 f   LIBCD:ulldiv.obj
 0001:0000bbf0       __aullrem                  0040cbf0 f   LIBCD:ullrem.obj
 0001:0000bc70       __dosmaperr                0040cc70 f   LIBCD:dosmap.obj
 0001:0000bd00       __alloc_osfhnd             0040cd00 f   LIBCD:osfinfo.obj
 0001:0000be30       __set_osfhnd               0040ce30 f   LIBCD:osfinfo.obj
 0001:0000bee0       __free_osfhnd              0040cee0 f   LIBCD:osfinfo.obj
 0001:0000bfb0       __get_osfhandle            0040cfb0 f   LIBCD:osfinfo.obj
 0001:0000c010       __open_osfhandle           0040d010 f   LIBCD:osfinfo.obj
 0001:0000c100       __commit                   0040d100 f   LIBCD:commit.obj
 0001:0000c1b0       __open                     0040d1b0 f   LIBCD:open.obj
 0001:0000c1f0       __sopen                    0040d1f0 f   LIBCD:open.obj
 0001:0000c6e0       __mbsrchr                  0040d6e0 f   LIBCD:mbsrchr.obj
 0001:0000c7a0       __getpath                  0040d7a0 f   LIBCD:getpath.obj
 0001:0000c8d0       __mbschr                   0040d8d0 f   LIBCD:mbschr.obj
 0001:0000c9a0       __dospawn                  0040d9a0 f   LIBCD:dospawn.obj
 0001:0000cd00       __cenvarg                  0040dd00 f   LIBCD:cenvarg.obj
 0001:0000d0c0       __setmbcp                  0040e0c0 f   LIBCD:mbctype.obj
 0001:0000d830       __getmbcp                  0040e830 f   LIBCD:mbctype.obj
 0001:0000d850       ___initmbctable            0040e850 f   LIBCD:mbctype.obj
 0001:0000d880       ___crtGetStringTypeA       0040e880 f   LIBCD:a_str.obj
 0001:0000da40       _memmove                   0040ea40 f   LIBCD:memmove.obj
 0001:0000dd80       ___crtCompareStringA       0040ed80 f   LIBCD:a_cmp.obj
 0001:0000e1d0       ___crtsetenv               0040f1d0 f   LIBCD:setenv.obj
 0001:0000e620       __fptrap                   0040f620 f   LIBCD:crt0fp.obj
 0001:0000e630       __chsize                   0040f630 f   LIBCD:chsize.obj
 0001:0000e8a0       _strrchr                   0040f8a0 f   LIBCD:strrchr.obj
 0001:0000e8e0       _strchr                    0040f8e0 f   LIBCD:strchr.obj
 0001:0000e8e6       ___from_strstr_to_strchr   0040f8e6 f   LIBCD:strchr.obj
 0001:0000e9a0       ___crtLCMapStringA         0040f9a0 f   LIBCD:a_map.obj
 0001:0000ed00       __setmode                  0040fd00 f   LIBCD:setmode.obj
 0001:0000ee00       _GetLocalTime@4            0040fe00 f   kernel32:KERNEL32.dll
 0001:0000ee06       _WideCharToMultiByte@32    0040fe06 f   kernel32:KERNEL32.dll
 0001:0000ee0c       _GetTimeZoneInformation@4  0040fe0c f   kernel32:KERNEL32.dll
 0001:0000ee12       _ExitProcess@4             0040fe12 f   kernel32:KERNEL32.dll
 0001:0000ee18       _TerminateProcess@8        0040fe18 f   kernel32:KERNEL32.dll
 0001:0000ee1e       _GetCurrentProcess@0       0040fe1e f   kernel32:KERNEL32.dll
 0001:0000ee24       _GetCommandLineA@0         0040fe24 f   kernel32:KERNEL32.dll
 0001:0000ee2a       _GetVersion@0              0040fe2a f   kernel32:KERNEL32.dll
 0001:0000ee30       _IsBadWritePtr@8           0040fe30 f   kernel32:KERNEL32.dll
 0001:0000ee36       _IsBadReadPtr@8            0040fe36 f   kernel32:KERNEL32.dll
 0001:0000ee3c       _HeapValidate@12           0040fe3c f   kernel32:KERNEL32.dll
 0001:0000ee42       _DebugBreak@0              0040fe42 f   kernel32:KERNEL32.dll
 0001:0000ee48       _GetStdHandle@4            0040fe48 f   kernel32:KERNEL32.dll
 0001:0000ee4e       _WriteFile@20              0040fe4e f   kernel32:KERNEL32.dll
 0001:0000ee54       _InterlockedDecrement@4    0040fe54 f   kernel32:KERNEL32.dll
 0001:0000ee5a       _OutputDebugStringA@4      0040fe5a f   kernel32:KERNEL32.dll
 0001:0000ee60       _GetProcAddress@8          0040fe60 f   kernel32:KERNEL32.dll
 0001:0000ee66       _LoadLibraryA@4            0040fe66 f   kernel32:KERNEL32.dll
 0001:0000ee6c       _InterlockedIncrement@4    0040fe6c f   kernel32:KERNEL32.dll
 0001:0000ee72       _GetModuleFileNameA@12     0040fe72 f   kernel32:KERNEL32.dll
 0001:0000ee78       _GetLastError@0            0040fe78 f   kernel32:KERNEL32.dll
 0001:0000ee7e       _CloseHandle@4             0040fe7e f   kernel32:KERNEL32.dll
 0001:0000ee84       _ReadFile@20               0040fe84 f   kernel32:KERNEL32.dll
 0001:0000ee8a       _SetHandleCount@4          0040fe8a f   kernel32:KERNEL32.dll
 0001:0000ee90       _GetFileType@4             0040fe90 f   kernel32:KERNEL32.dll
 0001:0000ee96       _GetStartupInfoA@4         0040fe96 f   kernel32:KERNEL32.dll
 0001:0000ee9c       _GetFileAttributesA@4      0040fe9c f   kernel32:KERNEL32.dll
 0001:0000eea2       _UnhandledExceptionFilter@4 0040fea2 f   kernel32:KERNEL32.dll
 0001:0000eea8       _FreeEnvironmentStringsA@4 0040fea8 f   kernel32:KERNEL32.dll
 0001:0000eeae       _FreeEnvironmentStringsW@4 0040feae f   kernel32:KERNEL32.dll
 0001:0000eeb4       _GetEnvironmentStrings@0   0040feb4 f   kernel32:KERNEL32.dll
 0001:0000eeba       _GetEnvironmentStringsW@0  0040feba f   kernel32:KERNEL32.dll
 0001:0000eec0       _HeapDestroy@4             0040fec0 f   kernel32:KERNEL32.dll
 0001:0000eec6       _HeapCreate@12             0040fec6 f   kernel32:KERNEL32.dll
 0001:0000eecc       _HeapFree@12               0040fecc f   kernel32:KERNEL32.dll
 0001:0000eed2       _VirtualFree@12            0040fed2 f   kernel32:KERNEL32.dll
 0001:0000eed8       _RtlUnwind@16              0040fed8 f   kernel32:KERNEL32.dll
 0001:0000eede       _HeapAlloc@12              0040fede f   kernel32:KERNEL32.dll
 0001:0000eee4       _HeapReAlloc@16            0040fee4 f   kernel32:KERNEL32.dll
 0001:0000eeea       _VirtualAlloc@16           0040feea f   kernel32:KERNEL32.dll
 0001:0000eef0       _SetConsoleCtrlHandler@8   0040fef0 f   kernel32:KERNEL32.dll
 0001:0000eef6       _SetFilePointer@16         0040fef6 f   kernel32:KERNEL32.dll
 0001:0000eefc       _SetStdHandle@8            0040fefc f   kernel32:KERNEL32.dll
 0001:0000ef02       _FlushFileBuffers@4        0040ff02 f   kernel32:KERNEL32.dll
 0001:0000ef08       _CreateFileA@28            0040ff08 f   kernel32:KERNEL32.dll
 0001:0000ef0e       _GetExitCodeProcess@8      0040ff0e f   kernel32:KERNEL32.dll
 0001:0000ef14       _WaitForSingleObject@8     0040ff14 f   kernel32:KERNEL32.dll
 0001:0000ef1a       _CreateProcessA@40         0040ff1a f   kernel32:KERNEL32.dll
 0001:0000ef20       _GetCPInfo@8               0040ff20 f   kernel32:KERNEL32.dll
 0001:0000ef26       _GetACP@0                  0040ff26 f   kernel32:KERNEL32.dll
 0001:0000ef2c       _GetOEMCP@0                0040ff2c f   kernel32:KERNEL32.dll
 0001:0000ef32       _MultiByteToWideChar@24    0040ff32 f   kernel32:KERNEL32.dll
 0001:0000ef38       _GetStringTypeA@20         0040ff38 f   kernel32:KERNEL32.dll
 0001:0000ef3e       _GetStringTypeW@16         0040ff3e f   kernel32:KERNEL32.dll
 0001:0000ef44       _CompareStringA@24         0040ff44 f   kernel32:KERNEL32.dll
 0001:0000ef4a       _CompareStringW@24         0040ff4a f   kernel32:KERNEL32.dll
 0001:0000ef50       _SetEnvironmentVariableA@8 0040ff50 f   kernel32:KERNEL32.dll
 0001:0000ef56       _SetEndOfFile@4            0040ff56 f   kernel32:KERNEL32.dll
 0001:0000ef5c       _LCMapStringA@24           0040ff5c f   kernel32:KERNEL32.dll
 0001:0000ef62       _LCMapStringW@24           0040ff62 f   kernel32:KERNEL32.dll
 0001:0000ef70       _getch                     0040ff70 f   LIBCD:getch.obj
 0001:0000ef70       __getch                    0040ff70 f   LIBCD:getch.obj
 0001:0000f090       __getche                   00410090 f   LIBCD:getch.obj
 0001:0000f0f0       __kbhit                    004100f0 f   LIBCD:getch.obj
 0001:0000f1f0       __ungetch                  004101f0 f   LIBCD:getch.obj
 0001:0000f390       ___initconin               00410390 f   LIBCD:initcon.obj
 0001:0000f3c0       ___initconout              004103c0 f   LIBCD:initcon.obj
 0001:0000f3f0       ___termcon                 004103f0 f   LIBCD:initcon.obj
 0001:0000f440       __putch                    00410440 f   LIBCD:putch.obj
 0001:0000f490       _ReadConsoleInputA@16      00410490 f   kernel32:KERNEL32.dll
 0001:0000f496       _SetConsoleMode@8          00410496 f   kernel32:KERNEL32.dll
 0001:0000f49c       _GetConsoleMode@8          0041049c f   kernel32:KERNEL32.dll
 0001:0000f4a2       _PeekConsoleInputA@16      004104a2 f   kernel32:KERNEL32.dll
 0001:0000f4a8       _GetNumberOfConsoleInputEvents@8 004104a8 f   kernel32:KERNEL32.dll
 0001:0000f4ae       _WriteConsoleA@20          004104ae f   kernel32:KERNEL32.dll
 0001:00014020       __enc$textbss$begin        00415020     <linker-defined>
 0001:00024020       __enc$textbss$end          00425020     <linker-defined>
 0002:0000001c       ??_C@_0BN@KOFC@?6Press?5any?5key?5to?5exit?4?4?4?4?4?4?$AA@ 0042601c     PicToPrint.obj
 0002:00000040       ??_C@_0CG@CMIE@?6lowest?5value?5?$DN?5?$CFd?6higest?5value?5@ 00426040     PicToPrint.obj
 0002:00000070       ??_C@_0CJ@MPAD@?6?6?7The?5output?5analysis?5of?5?$CFs?5?6?7i@ 00426070     PicToPrint.obj
 0002:000000a4       ??_C@_0CL@OAEI@Processing?5date?5?$DN?5?$CFs?0?5Time?5?$DN?5?$CFs?5@ 004260a4     PicToPrint.obj
 0002:000000d8       ??_C@_03HHKO@?$CFs?6?$AA@  004260d8     PicToPrint.obj
 0002:000000dc       ??_C@_0CB@DBMN@?6?6?7Error?5opening?5output?5file?5?$CFs?6@ 004260dc     PicToPrint.obj
 0002:00000104       ??_C@_01LLF@w?$AA@         00426104     PicToPrint.obj
 0002:00000108       ??_C@_0CA@LOOA@?6?6?7Error?5opening?5input?5file?5?$CFs?6?$AA@ 00426108     PicToPrint.obj
 0002:00000130       ??_C@_02JKAF@rb?$AA@       00426130     PicToPrint.obj
 0002:00000134       ??_C@_06COD@?$CFs?4lst?$AA@ 00426134     PicToPrint.obj
 0002:0000013c       ??_C@_02DILL@?$CFs?$AA@    0042613c     PicToPrint.obj
 0002:00000140       ??_C@_0BH@HGFC@Error?5reading?5file?5?$CFs?6?$AA@ 00426140     PicToPrint.obj
 0002:0000015c       ??_C@_0BM@FINJ@Cannot?5open?5input?5file?5?$CFs?4?6?$AA@ 0042615c     PicToPrint.obj
 0002:00000180       ??_C@_01LHO@r?$AA@         00426180     PicToPrint.obj
 0002:00000184       ??_C@_0BM@OGEC@Press?5any?5key?5to?5exit?4?4?4?4?4?4?$AA@ 00426184     PicToPrint.obj
 0002:000001a8       ??_C@_0CF@EPHC@Unable?5to?5run?5?$CFs?6Program?5termina@ 004261a8     PicToPrint.obj
 0002:000001d4       ??_C@_05NCIB@?6?$CFs?6?6?$AA@ 004261d4     PicToPrint.obj
 0002:000001dc       ??_C@_07DEKI@tzset?4c?$AA@ 004261dc     LIBCD:tzset.obj
 0002:000001e4       ??_C@_02JHIA@TZ?$AA@       004261e4     LIBCD:tzset.obj
 0002:000001e8       ??_C@_07JJAI@fgetc?4c?$AA@ 004261e8     LIBCD:fgetc.obj
 0002:000001f0       ??_C@_0P@FHEA@stream?5?$CB?$DN?5NULL?$AA@ 004261f0     LIBCD:fgetc.obj
 0002:00000200       ??_C@_0P@LNLA@format?5?$CB?$DN?5NULL?$AA@ 00426200     LIBCD:sprintf.obj
 0002:00000210       ??_C@_09NEAG@sprintf?4c?$AA@ 00426210     LIBCD:sprintf.obj
 0002:0000021c       ??_C@_0P@OOIN@string?5?$CB?$DN?5NULL?$AA@ 0042621c     LIBCD:sprintf.obj
 0002:0000022c       ??_C@_08PHBD@fclose?4c?$AA@ 0042622c     LIBCD:fclose.obj
 0002:00000238       ??_C@_0M@KJPK@str?5?$CB?$DN?5NULL?$AA@ 00426238     LIBCD:fclose.obj
 0002:00000244       ??_C@_0BC@IPFL@?$CKmode?5?$CB?$DN?5_T?$CI?8?20?8?$CJ?$AA@ 00426244     LIBCD:fopen.obj
 0002:00000258       ??_C@_0N@BKPP@mode?5?$CB?$DN?5NULL?$AA@ 00426258     LIBCD:fopen.obj
 0002:00000268       ??_C@_0BC@GOED@?$CKfile?5?$CB?$DN?5_T?$CI?8?20?8?$CJ?$AA@ 00426268     LIBCD:fopen.obj
 0002:0000027c       ??_C@_07OMGG@fopen?4c?$AA@ 0042627c     LIBCD:fopen.obj
 0002:00000284       ??_C@_0N@MCKG@file?5?$CB?$DN?5NULL?$AA@ 00426284     LIBCD:fopen.obj
 0002:00000294       ??_C@_09DLOM@fprintf?4c?$AA@ 00426294     LIBCD:fprintf.obj
 0002:000002a0       ??_C@_07HPAH@_file?4c?$AA@ 004262a0     LIBCD:_file.obj
 0002:000002a8       ??_C@_07OOMJ@cmd?4exe?$AA@ 004262a8     LIBCD:system.obj
 0002:000002b0       ??_C@_0M@IPJP@command?4com?$AA@ 004262b0     LIBCD:system.obj
 0002:000002bc       ??_C@_02JMK@?1c?$AA@       004262bc     LIBCD:system.obj
 0002:000002c0       ??_C@_08DLLJ@system?4c?$AA@ 004262c0     LIBCD:system.obj
 0002:000002cc       ??_C@_0BF@GFJL@?$CKcommand?5?$CB?$DN?5_T?$CI?8?20?8?$CJ?$AA@ 004262cc     LIBCD:system.obj
 0002:000002e4       ??_C@_07KFDO@COMSPEC?$AA@  004262e4     LIBCD:system.obj
 0002:000002ec       ??_C@_08GNFC@printf?4c?$AA@ 004262ec     LIBCD:printf.obj
 0002:000002f8       ??_C@_0O@FHMD@i386?2chkesp?4c?$AA@ 004262f8     LIBCD:chkesp.obj
 0002:00000308       ??_C@_00A@?$AA@            00426308     LIBCD:chkesp.obj
 0002:0000030c       ??_C@_0NM@ELEE@The?5value?5of?5ESP?5was?5not?5properl@ 0042630c     LIBCD:chkesp.obj
 0002:000003f4       ??_C@_06DPMO@Client?$AA@   004263f4     LIBCD:dbgheap.obj
 0002:000003fc       ??_C@_06BAFM@Ignore?$AA@   004263fc     LIBCD:dbgheap.obj
 0002:00000404       ??_C@_03DICE@CRT?$AA@      00426404     LIBCD:dbgheap.obj
 0002:00000408       ??_C@_06BILL@Normal?$AA@   00426408     LIBCD:dbgheap.obj
 0002:00000410       ??_C@_04NEN@Free?$AA@      00426410     LIBCD:dbgheap.obj
 0002:00000418       ??_C@_0DC@CGID@Error?3?5memory?5allocation?3?5bad?5me@ 00426418     LIBCD:dbgheap.obj
 0002:0000044c       ??_C@_0CE@FMIA@Invalid?5allocation?5size?3?5?$CFu?5byte@ 0042644c     LIBCD:dbgheap.obj
 0002:00000470       ??_C@_0CB@CPBI@Client?5hook?5allocation?5failure?4?6@ 00426470     LIBCD:dbgheap.obj
 0002:00000494       ??_C@_0DF@DKHF@Client?5hook?5allocation?5failure?5a@ 00426494     LIBCD:dbgheap.obj
 0002:000004cc       ??_C@_09IMJC@dbgheap?4c?$AA@ 004264cc     LIBCD:dbgheap.obj
 0002:000004d8       ??_C@_0BC@EPKL@_CrtCheckMemory?$CI?$CJ?$AA@ 004264d8     LIBCD:dbgheap.obj
 0002:000004ec       ??_C@_0BK@JDHA@_pFirstBlock?5?$DN?$DN?5pOldBlock?$AA@ 004264ec     LIBCD:dbgheap.obj
 0002:00000508       ??_C@_0BJ@NMEF@_pLastBlock?5?$DN?$DN?5pOldBlock?$AA@ 00426508     LIBCD:dbgheap.obj
 0002:00000524       ??_C@_0DC@BOCN@fRealloc?5?$HM?$HM?5?$CI?$CBfRealloc?5?$CG?$CG?5pNewBl@ 00426524     LIBCD:dbgheap.obj
 0002:00000558       ??_C@_0DK@DKOM@_BLOCK_TYPE?$CIpOldBlock?9?$DOnBlockUse@ 00426558     LIBCD:dbgheap.obj
 0002:00000594       ??_C@_0EF@EDKM@pOldBlock?9?$DOnLine?5?$DN?$DN?5IGNORE_LINE?5@ 00426594     LIBCD:dbgheap.obj
 0002:000005dc       ??_C@_0CC@GPMO@_CrtIsValidHeapPointer?$CIpUserData@ 004265dc     LIBCD:dbgheap.obj
 0002:00000600       ??_C@_0CN@FHGE@Allocation?5too?5large?5or?5negative@ 00426600     LIBCD:dbgheap.obj
 0002:00000630       ??_C@_0CE@EAMN@Client?5hook?5re?9allocation?5failur@ 00426630     LIBCD:dbgheap.obj
 0002:00000654       ??_C@_0DI@KKMM@Client?5hook?5re?9allocation?5failur@ 00426654     LIBCD:dbgheap.obj
 0002:0000068c       ??_C@_0BG@JCEC@_pFirstBlock?5?$DN?$DN?5pHead?$AA@ 0042668c     LIBCD:dbgheap.obj
 0002:000006a4       ??_C@_0BF@NLNN@_pLastBlock?5?$DN?$DN?5pHead?$AA@ 004266a4     LIBCD:dbgheap.obj
 0002:000006bc       ??_C@_0BO@PLHH@pHead?9?$DOnBlockUse?5?$DN?$DN?5nBlockUse?$AA@ 004266bc     LIBCD:dbgheap.obj
 0002:000006dc       ??_C@_0DN@KKIO@pHead?9?$DOnLine?5?$DN?$DN?5IGNORE_LINE?5?$CG?$CG?5p@ 004266dc     LIBCD:dbgheap.obj
 0002:0000071c       ??_C@_0CK@OJNB@DAMAGE?3?5after?5?$CFhs?5block?5?$CI?$CD?$CFd?$CJ?5at@ 0042671c     LIBCD:dbgheap.obj
 0002:00000748       ??_C@_0CL@IJIL@DAMAGE?3?5before?5?$CFhs?5block?5?$CI?$CD?$CFd?$CJ?5a@ 00426748     LIBCD:dbgheap.obj
 0002:00000774       ??_C@_0CH@PHOC@_BLOCK_TYPE_IS_VALID?$CIpHead?9?$DOnBlo@ 00426774     LIBCD:dbgheap.obj
 0002:0000079c       ??_C@_0BL@MBNA@Client?5hook?5free?5failure?4?6?$AA@ 0042679c     LIBCD:dbgheap.obj
 0002:000007b8       ??_C@_0DK@EKKL@memory?5check?5error?5at?50x?$CF08X?5?$DN?50@ 004267b8     LIBCD:dbgheap.obj
 0002:000007f4       ??_C@_0CJ@GCII@?$CFhs?5located?5at?50x?$CF08X?5is?5?$CFu?5byte@ 004267f4     LIBCD:dbgheap.obj
 0002:00000820       ??_C@_0CA@EJPI@?$CFhs?5allocated?5at?5file?5?$CFhs?$CI?$CFd?$CJ?4?6?$AA@ 00426820     LIBCD:dbgheap.obj
 0002:00000840       ??_C@_0CJ@LHHG@DAMAGE?3?5on?5top?5of?5Free?5block?5at?5@ 00426840     LIBCD:dbgheap.obj
 0002:0000086c       ??_C@_07GJHM@DAMAGED?$AA@  0042686c     LIBCD:dbgheap.obj
 0002:00000874       ??_C@_0CL@ODIE@_heapchk?5fails?5with?5unknown?5retu@ 00426874     LIBCD:dbgheap.obj
 0002:000008a0       ??_C@_0CC@EHNC@_heapchk?5fails?5with?5_HEAPBADPTR?4@ 004268a0     LIBCD:dbgheap.obj
 0002:000008c4       ??_C@_0CC@JNDP@_heapchk?5fails?5with?5_HEAPBADEND?4@ 004268c4     LIBCD:dbgheap.obj
 0002:000008e8       ??_C@_0CD@DNMG@_heapchk?5fails?5with?5_HEAPBADNODE@ 004268e8     LIBCD:dbgheap.obj
 0002:0000090c       ??_C@_0CE@JMCB@_heapchk?5fails?5with?5_HEAPBADBEGI@ 0042690c     LIBCD:dbgheap.obj
 0002:00000930       ??_C@_0CD@MEMI@Bad?5memory?5block?5found?5at?50x?$CF08X@ 00426930     LIBCD:dbgheap.obj
 0002:00000954       ??_C@_0CI@GMAO@_CrtMemCheckPoint?3?5NULL?5state?5po@ 00426954     LIBCD:dbgheap.obj
 0002:0000097c       ??_C@_0CI@MNAE@_CrtMemDifference?3?5NULL?5state?5po@ 0042697c     LIBCD:dbgheap.obj
 0002:000009a4       ??_C@_0BH@PKIJ@Object?5dump?5complete?4?6?$AA@ 004269a4     LIBCD:dbgheap.obj
 0002:000009bc       ??_C@_0DB@DBPF@crt?5block?5at?50x?$CF08X?0?5subtype?5?$CFx?0@ 004269bc     LIBCD:dbgheap.obj
 0002:000009f0       ??_C@_0CI@JLM@normal?5block?5at?50x?$CF08X?0?5?$CFu?5bytes@ 004269f0     LIBCD:dbgheap.obj
 0002:00000a18       ??_C@_0DE@PFEA@client?5block?5at?50x?$CF08X?0?5subtype?5@ 00426a18     LIBCD:dbgheap.obj
 0002:00000a4c       ??_C@_06MBCE@?$HL?$CFld?$HN?5?$AA@ 00426a4c     LIBCD:dbgheap.obj
 0002:00000a54       ??_C@_0L@BLDJ@?$CFhs?$CI?$CFd?$CJ?5?3?5?$AA@ 00426a54     LIBCD:dbgheap.obj
 0002:00000a60       ??_C@_0BE@FEMA@?$CDFile?5Error?$CD?$CI?$CFd?$CJ?5?3?5?$AA@ 00426a60     LIBCD:dbgheap.obj
 0002:00000a74       ??_C@_0BE@FPPM@Dumping?5objects?5?9?$DO?6?$AA@ 00426a74     LIBCD:dbgheap.obj
 0002:00000a88       ??_C@_0BA@POLM@?5Data?3?5?$DM?$CFs?$DO?5?$CFs?6?$AA@ 00426a88     LIBCD:dbgheap.obj
 0002:00000a98       ??_C@_05JLAO@?$CF?42X?5?$AA@ 00426a98     LIBCD:dbgheap.obj
 0002:00000aa0       ??_C@_0BI@KONA@Detected?5memory?5leaks?$CB?6?$AA@ 00426aa0     LIBCD:dbgheap.obj
 0002:00000ab8       ??_C@_0BP@LCCN@Total?5allocations?3?5?$CFld?5bytes?4?6?$AA@ 00426ab8     LIBCD:dbgheap.obj
 0002:00000ad8       ??_C@_0CB@COID@Largest?5number?5used?3?5?$CFld?5bytes?4?6@ 00426ad8     LIBCD:dbgheap.obj
 0002:00000afc       ??_C@_0BO@MEJD@?$CFld?5bytes?5in?5?$CFld?5?$CFhs?5Blocks?4?6?$AA@ 00426afc     LIBCD:dbgheap.obj
 0002:00000b1c       ___dnames                  00426b1c     LIBCD:timeset.obj
 0002:00000b34       ___mnames                  00426b34     LIBCD:timeset.obj
 0002:00000b5c       ??_C@_09DNOI@_filbuf?4c?$AA@ 00426b5c     LIBCD:_filbuf.obj
 0002:00000b68       ??_C@_0BB@BLL@Assertion?5Failed?$AA@ 00426b68     LIBCD:dbgrpt.obj
 0002:00000b7c       ??_C@_05CKBG@Error?$AA@    00426b7c     LIBCD:dbgrpt.obj
 0002:00000b84       ??_C@_07JCGI@Warning?$AA@  00426b84     LIBCD:dbgrpt.obj
 0002:00000b8c       ??_C@_0M@ODEP@?$CFs?$CI?$CFd?$CJ?5?3?5?$CFs?$AA@ 00426b8c     LIBCD:dbgrpt.obj
 0002:00000b98       ??_C@_01BJG@?6?$AA@        00426b98     LIBCD:dbgrpt.obj
 0002:00000b9c       ??_C@_01FEHD@?$AN?$AA@     00426b9c     LIBCD:dbgrpt.obj
 0002:00000ba0       ??_C@_0BC@OIMC@Assertion?5failed?$CB?$AA@ 00426ba0     LIBCD:dbgrpt.obj
 0002:00000bb4       ??_C@_0BD@BEAK@Assertion?5failed?3?5?$AA@ 00426bb4     LIBCD:dbgrpt.obj
 0002:00000bc8       ??_C@_0CL@LCCP@_CrtDbgReport?3?5String?5too?5long?5o@ 00426bc8     LIBCD:dbgrpt.obj
 0002:00000bf4       ??_C@_0DC@EMDK@Second?5Chance?5Assertion?5Failed?3?5@ 00426bf4     LIBCD:dbgrpt.obj
 0002:00000c28       ??_C@_09NJAK@wsprintfA?$AA@ 00426c28     LIBCD:dbgrpt.obj
 0002:00000c34       ??_C@_0L@HKL@user32?4dll?$AA@ 00426c34     LIBCD:dbgrpt.obj
 0002:00000c40       ??_C@_0CD@GCMD@Microsoft?5Visual?5C?$CL?$CL?5Debug?5Libra@ 00426c40     LIBCD:dbgrpt.obj
 0002:00000c64       ??_C@_0FD@EBDD@Debug?5?$CFs?$CB?6?6Program?3?5?$CFs?$CFs?$CFs?$CFs?$CFs?$CFs@ 00426c64     LIBCD:dbgrpt.obj
 0002:00000cb8       ??_C@_09DCKN@?6Module?3?5?$AA@ 00426cb8     LIBCD:dbgrpt.obj
 0002:00000cc4       ??_C@_07HJII@?6File?3?5?$AA@ 00426cc4     LIBCD:dbgrpt.obj
 0002:00000ccc       ??_C@_07LFGN@?6Line?3?5?$AA@ 00426ccc     LIBCD:dbgrpt.obj
 0002:00000cd4       ??_C@_02JJJH@?6?6?$AA@     00426cd4     LIBCD:dbgrpt.obj
 0002:00000cd8       ??_C@_0N@NOAB@Expression?3?5?$AA@ 00426cd8     LIBCD:dbgrpt.obj
 0002:00000ce8       ??_C@_0HD@BHFH@?6?6For?5information?5on?5how?5your?5pr@ 00426ce8     LIBCD:dbgrpt.obj
 0002:00000d5c       ??_C@_03NAME@?4?4?4?$AA@   00426d5c     LIBCD:dbgrpt.obj
 0002:00000d60       ??_C@_0BH@NNCD@?$DMprogram?5name?5unknown?$DO?$AA@ 00426d60     LIBCD:dbgrpt.obj
 0002:00000d78       ??_C@_08GFHP@dbgrpt?4c?$AA@ 00426d78     LIBCD:dbgrpt.obj
 0002:00000d84       ??_C@_0BG@FBEA@szUserMessage?5?$CB?$DN?5NULL?$AA@ 00426d84     LIBCD:dbgrpt.obj
 0002:00000d9c       ??_C@_0DP@IHIN@?$CI?$CCinconsistent?5IOB?5fields?$CC?0?5stre@ 00426d9c     LIBCD:_flsbuf.obj
 0002:00000ddc       ??_C@_09LGEI@_flsbuf?4c?$AA@ 00426ddc     LIBCD:_flsbuf.obj
 0002:00000de8       ___lookuptable             00426de8     LIBCD:output.obj
 0002:00000e44       ??_C@_1O@POHA@?$AA?$CI?$AAn?$AAu?$AAl?$AAl?$AA?$CJ?$AA?$AA@ 00426e44     LIBCD:output.obj
 0002:00000e54       ??_C@_06ONKE@?$CInull?$CJ?$AA@ 00426e54     LIBCD:output.obj
 0002:00000e5c       ??_C@_08MIHI@output?4c?$AA@ 00426e5c     LIBCD:output.obj
 0002:00000e68       ??_C@_0P@PIHB@ch?5?$CB?$DN?5_T?$CI?8?20?8?$CJ?$AA@ 00426e68     LIBCD:output.obj
 0002:00000e78       ??_C@_0L@JIE@_freebuf?4c?$AA@ 00426e78     LIBCD:_freebuf.obj
 0002:00000e84       ??_C@_07INLA@_open?4c?$AA@ 00426e84     LIBCD:_open.obj
 0002:00000e8c       ??_C@_0BB@COCE@filename?5?$CB?$DN?5NULL?$AA@ 00426e8c     LIBCD:_open.obj
 0002:00000ea0       ??_C@_08HJEP@stream?4c?$AA@ 00426ea0     LIBCD:stream.obj
 0002:00000eac       ??_C@_09JNND@_sftbuf?4c?$AA@ 00426eac     LIBCD:_sftbuf.obj
 0002:00000eb8       ??_C@_0BH@EOPG@flag?5?$DN?$DN?50?5?$HM?$HM?5flag?5?$DN?$DN?51?$AA@ 00426eb8     LIBCD:_sftbuf.obj
 0002:00000ed0       ??_C@_08KFDJ@ioinit?4c?$AA@ 00426ed0     LIBCD:ioinit.obj
 0002:00000edc       ??_C@_01PCFE@?2?$AA@       00426edc     LIBCD:spawnvpe.obj
 0002:00000ee0       ??_C@_04LNMG@PATH?$AA@     00426ee0     LIBCD:spawnvpe.obj
 0002:00000ee8       ??_C@_0BD@MODE@?$CK?$CKargv?5?$CB?$DN?5_T?$CI?8?20?8?$CJ?$AA@ 00426ee8     LIBCD:spawnvpe.obj
 0002:00000efc       ??_C@_0O@IICG@?$CKargv?5?$CB?$DN?5NULL?$AA@ 00426efc     LIBCD:spawnvpe.obj
 0002:00000f0c       ??_C@_0N@IMCP@argv?5?$CB?$DN?5NULL?$AA@ 00426f0c     LIBCD:spawnvpe.obj
 0002:00000f1c       ??_C@_0BG@GALO@?$CKfilename?5?$CB?$DN?5_T?$CI?8?20?8?$CJ?$AA@ 00426f1c     LIBCD:spawnvpe.obj
 0002:00000f34       ??_C@_0L@CAAP@spawnvpe?4c?$AA@ 00426f34     LIBCD:spawnvpe.obj
 0002:00000f40       ??_C@_04GGNP@?4com?$AA@    00426f40     LIBCD:spawnve.obj
 0002:00000f48       ??_C@_04NFOM@?4exe?$AA@    00426f48     LIBCD:spawnve.obj
 0002:00000f50       ??_C@_04KBDN@?4bat?$AA@    00426f50     LIBCD:spawnve.obj
 0002:00000f58       ??_C@_04LFKF@?4cmd?$AA@    00426f58     LIBCD:spawnve.obj
 0002:00000f60       ??_C@_02OFKN@?4?2?$AA@     00426f60     LIBCD:spawnve.obj
 0002:00000f64       ??_C@_09HILO@spawnve?4c?$AA@ 00426f64     LIBCD:spawnve.obj
 0002:00000f70       ??_C@_09IGKD@stdenvp?4c?$AA@ 00426f70     LIBCD:stdenvp.obj
 0002:00000f7c       ??_C@_09MPMN@stdargv?4c?$AA@ 00426f7c     LIBCD:stdargv.obj
 0002:00000f88       ??_C@_07BNNE@a_env?4c?$AA@ 00426f88     LIBCD:a_env.obj
 0002:00000f90       ??_C@_0P@GGKG@runtime?5error?5?$AA@ 00426f90     LIBCD:crt0msg.obj
 0002:00000fa0       ??_C@_02PIMC@?$AN?6?$AA@   00426fa0     LIBCD:crt0msg.obj
 0002:00000fa4       ??_C@_0O@DELO@TLOSS?5error?$AN?6?$AA@ 00426fa4     LIBCD:crt0msg.obj
 0002:00000fb4       ??_C@_0N@OMLL@SING?5error?$AN?6?$AA@ 00426fb4     LIBCD:crt0msg.obj
 0002:00000fc4       ??_C@_0P@OJAK@DOMAIN?5error?$AN?6?$AA@ 00426fc4     LIBCD:crt0msg.obj
 0002:00000fd4       ??_C@_0CF@EANP@R6028?$AN?6?9?5unable?5to?5initialize?5he@ 00426fd4     LIBCD:crt0msg.obj
 0002:00000ffc       ??_C@_0DF@ECGN@R6027?$AN?6?9?5not?5enough?5space?5for?5lo@ 00426ffc     LIBCD:crt0msg.obj
 0002:00001034       ??_C@_0DF@FKAC@R6026?$AN?6?9?5not?5enough?5space?5for?5st@ 00427034     LIBCD:crt0msg.obj
 0002:0000106c       ??_C@_0CG@DPMN@R6025?$AN?6?9?5pure?5virtual?5function?5c@ 0042706c     LIBCD:crt0msg.obj
 0002:00001094       ??_C@_0DF@CKIP@R6024?$AN?6?9?5not?5enough?5space?5for?5_o@ 00427094     LIBCD:crt0msg.obj
 0002:000010cc       ??_C@_0CJ@GGOE@R6019?$AN?6?9?5unable?5to?5open?5console?5@ 004270cc     LIBCD:crt0msg.obj
 0002:000010f8       ??_C@_0CB@LBOB@R6018?$AN?6?9?5unexpected?5heap?5error?$AN?6@ 004270f8     LIBCD:crt0msg.obj
 0002:0000111c       ??_C@_0CN@FPEG@R6017?$AN?6?9?5unexpected?5multithread?5@ 0042711c     LIBCD:crt0msg.obj
 0002:0000114c       ??_C@_0CM@OBIC@R6016?$AN?6?9?5not?5enough?5space?5for?5th@ 0042714c     LIBCD:crt0msg.obj
 0002:00001178       ??_C@_0CB@HPAL@?$AN?6abnormal?5program?5termination?$AN?6@ 00427178     LIBCD:crt0msg.obj
 0002:0000119c       ??_C@_0CM@JOOB@R6009?$AN?6?9?5not?5enough?5space?5for?5en@ 0042719c     LIBCD:crt0msg.obj
 0002:000011c8       ??_C@_0CK@OIBL@R6008?$AN?6?9?5not?5enough?5space?5for?5ar@ 004271c8     LIBCD:crt0msg.obj
 0002:000011f4       ??_C@_0CF@LKPB@R6002?$AN?6?9?5floating?5point?5not?5load@ 004271f4     LIBCD:crt0msg.obj
 0002:0000121c       ??_C@_0CF@JPDF@Microsoft?5Visual?5C?$CL?$CL?5Runtime?5Lib@ 0042721c     LIBCD:crt0msg.obj
 0002:00001244       ??_C@_0BK@DEOK@Runtime?5Error?$CB?6?6Program?3?5?$AA@ 00427244     LIBCD:crt0msg.obj
 0002:00001260       ??_C@_0L@EJNO@wtombenv?4c?$AA@ 00427260     LIBCD:wtombenv.obj
 0002:0000126c       ??_C@_09EMDO@_getbuf?4c?$AA@ 0042726c     LIBCD:_getbuf.obj
 0002:00001278       ??_C@_0L@HE@vsprintf?4c?$AA@ 00427278     LIBCD:vsnprint.obj
 0002:00001284       ??_C@_0BD@NJFP@GetLastActivePopup?$AA@ 00427284     LIBCD:crtmbox.obj
 0002:00001298       ??_C@_0BA@GILI@GetActiveWindow?$AA@ 00427298     LIBCD:crtmbox.obj
 0002:000012a8       ??_C@_0M@PKCK@MessageBoxA?$AA@ 004272a8     LIBCD:crtmbox.obj
 0002:000012b4       ??_C@_09LNLM@osfinfo?4c?$AA@ 004272b4     LIBCD:osfinfo.obj
 0002:000012c0       ??_C@_09FGIN@dospawn?4c?$AA@ 004272c0     LIBCD:dospawn.obj
 0002:000012cc       ??_C@_09MOBB@cenvarg?4c?$AA@ 004272cc     LIBCD:cenvarg.obj
 0002:000012d8       ??_C@_01A@?$AA?$AA@        004272d8     LIBCD:a_str.obj
 0002:000012dc       ??_C@_13A@?$AA?$AA?$AA?$AA@ 004272dc     LIBCD:a_str.obj
 0002:000012ec       ??_C@_07FOIK@a_cmp?4c?$AA@ 004272ec     LIBCD:a_cmp.obj
 0002:000012f4       ??_C@_0DN@PPKB@cchCount1?$DN?$DN0?5?$CG?$CG?5cchCount2?$DN?$DN1?5?$HM?$HM?5@ 004272f4     LIBCD:a_cmp.obj
 0002:00001350       ??_C@_08FEIK@setenv?4c?$AA@ 00427350     LIBCD:setenv.obj
 0002:0000135c       ??_C@_08EIOK@chsize?4c?$AA@ 0042735c     LIBCD:chsize.obj
 0002:00001368       ??_C@_09NPGF@size?5?$DO?$DN?50?$AA@ 00427368     LIBCD:chsize.obj
 0002:00001390       ??_C@_06MICP@CONIN$?$AA@   00427390     LIBCD:initcon.obj
 0002:00001398       ??_C@_07GLCC@CONOUT$?$AA@  00427398     LIBCD:initcon.obj
 0003:00000000       ___xc_a                    00428000     LIBCD:crt0init.obj
 0003:00000104       ___xc_z                    00428104     LIBCD:crt0init.obj
 0003:00000208       ___xi_a                    00428208     LIBCD:crt0init.obj
 0003:00000418       ___xi_z                    00428418     LIBCD:crt0init.obj
 0003:0000051c       ___xp_a                    0042851c     LIBCD:crt0init.obj
 0003:0000072c       ___xp_z                    0042872c     LIBCD:crt0init.obj
 0003:00000830       ___xt_a                    00428830     LIBCD:crt0init.obj
 0003:00000934       ___xt_z                    00428934     LIBCD:crt0init.obj
 0003:00000a40       ?density@@3PAIA            00428a40     PicToPrint.obj
 0003:00000a94       ?darkTbl@@3PAY08DA         00428a94     PicToPrint.obj
 0003:00000b54       ?low@@3IA                  00428b54     PicToPrint.obj
 0003:00000b58       ?findFile@@3PADA           00428b58     PicToPrint.obj
 0003:00000b74       ?passedFileName@@3PADA     00428b74     PicToPrint.obj
 0003:00000bd8       ?heading@@3PADA            00428bd8     PicToPrint.obj
 0003:00000c68       __iob                      00428c68     LIBCD:_file.obj
 0003:00000ee8       __aexit_rtn                00428ee8     LIBCD:crt0.obj
 0003:00000eec       ___app_type                00428eec     LIBCD:crt0.obj
 0003:00000ef0       __crtDbgFlag               00428ef0     LIBCD:dbgheap.obj
 0003:00000ef8       __crtBreakAlloc            00428ef8     LIBCD:dbgheap.obj
 0003:00000f20       __timezone                 00428f20     LIBCD:timeset.obj
 0003:00000f24       __daylight                 00428f24     LIBCD:timeset.obj
 0003:00000f28       __dstbias                  00428f28     LIBCD:timeset.obj
 0003:00000fac       __tzname                   00428fac     LIBCD:timeset.obj
 0003:00000fb4       __lpdays                   00428fb4     LIBCD:days.obj
 0003:00000fe8       __days                     00428fe8     LIBCD:days.obj
 0003:0000101c       __crtAssertBusy            0042901c     LIBCD:dbgrpt.obj
 0003:00001020       __CrtDbgMode               00429020     LIBCD:dbgrpt.obj
 0003:0000102c       __CrtDbgFile               0042902c     LIBCD:dbgrpt.obj
 0003:00001044       ___nullstring              00429044     LIBCD:output.obj
 0003:00001048       ___wnullstring             00429048     LIBCD:output.obj
 0003:00001050       ___badioinfo               00429050     LIBCD:ioinit.obj
 0003:00001068       __XcptActTab               00429068     LIBCD:winxfltr.obj
 0003:000010e0       __First_FPE_Indx           004290e0     LIBCD:winxfltr.obj
 0003:000010e4       __Num_FPE                  004290e4     LIBCD:winxfltr.obj
 0003:000010e8       __XcptActTabCount          004290e8     LIBCD:winxfltr.obj
 0003:000010ec       __fpecode                  004290ec     LIBCD:winxfltr.obj
 0003:000010f0       __amblksiz                 004290f0     LIBCD:heapinit.obj
 0003:000010f4       __NLG_Destination          004290f4     LIBCD:exsup.obj
 0003:00001198       __pctype                   00429198     LIBCD:ctype.obj
 0003:0000119c       __pwctype                  0042919c     LIBCD:ctype.obj
 0003:000011a0       __ctype                    004291a0     LIBCD:ctype.obj
 0003:000013a4       ___mb_cur_max              004293a4     LIBCD:nlsdata1.obj
 0003:000013a8       ___decimal_point           004293a8     LIBCD:nlsdata1.obj
 0003:000013ac       ___decimal_point_length    004293ac     LIBCD:nlsdata1.obj
 0003:000013b0       __pfnAllocHook             004293b0     LIBCD:dbghook.obj
 0003:000013b4       ___sbh_threshold           004293b4     LIBCD:sbheap.obj
 0003:000013c0       __cfltcvt_tab              004293c0     LIBCD:cmiscdat.obj
 0003:00001548       __p_overlay                00429548     LIBCD:dospawn.obj
 0003:00001994       __coninpfh                 00429994     LIBCD:initcon.obj
 0003:00001998       __confh                    00429998     LIBCD:initcon.obj
 0003:00001d48       ?out@@3PAU_iobuf@@A        00429d48     PicToPrint.obj
 0003:00001d4c       ?in@@3PAU_iobuf@@A         00429d4c     PicToPrint.obj
 0003:00001d50       ?outFileName@@3PADA        00429d50     PicToPrint.obj
 0003:00001e18       ?inFileName@@3PADA         00429e18     PicToPrint.obj
 0003:00001ee0       ?outTable@@3PADA           00429ee0     PicToPrint.obj
 0003:00001f68       ?inTable@@3PAIA            00429f68     PicToPrint.obj
 0003:0000217c       ?blankLine@@3DA            0042a17c     PicToPrint.obj
 0003:00002180       ?histrogram@@3PAHA         0042a180     PicToPrint.obj
 0003:00002580       ?row@@3HA                  0042a580     PicToPrint.obj
 0003:00002584       ?denIndex@@3HA             0042a584     PicToPrint.obj
 0003:00002588       ?jcol@@3HA                 0042a588     PicToPrint.obj
 0003:0000258c       ?kline@@3HA                0042a58c     PicToPrint.obj
 0003:00002590       ?returnStatus@@3HA         0042a590     PicToPrint.obj
 0003:00002594       ?i@@3HA                    0042a594     PicToPrint.obj
 0003:00002598       ?high@@3IA                 0042a598     PicToPrint.obj
 0003:00002804       _errno                     0042a804     LIBCD:crt0dat.obj
 0003:00002808       __doserrno                 0042a808     LIBCD:crt0dat.obj
 0003:0000280c       __umaskval                 0042a80c     LIBCD:crt0dat.obj
 0003:00002810       __osver                    0042a810     LIBCD:crt0dat.obj
 0003:00002814       __winver                   0042a814     LIBCD:crt0dat.obj
 0003:00002818       __winmajor                 0042a818     LIBCD:crt0dat.obj
 0003:0000281c       __winminor                 0042a81c     LIBCD:crt0dat.obj
 0003:00002820       ___argc                    0042a820     LIBCD:crt0dat.obj
 0003:00002824       ___argv                    0042a824     LIBCD:crt0dat.obj
 0003:00002828       ___wargv                   0042a828     LIBCD:crt0dat.obj
 0003:0000282c       __environ                  0042a82c     LIBCD:crt0dat.obj
 0003:00002830       ___initenv                 0042a830     LIBCD:crt0dat.obj
 0003:00002834       __wenviron                 0042a834     LIBCD:crt0dat.obj
 0003:00002838       ___winitenv                0042a838     LIBCD:crt0dat.obj
 0003:0000283c       __pgmptr                   0042a83c     LIBCD:crt0dat.obj
 0003:00002840       __wpgmptr                  0042a840     LIBCD:crt0dat.obj
 0003:00002844       __exitflag                 0042a844     LIBCD:crt0dat.obj
 0003:00002848       __C_Termination_Done       0042a848     LIBCD:crt0dat.obj
 0003:0000284c       __C_Exit_Done              0042a84c     LIBCD:crt0dat.obj
 0003:00002854       __cflush                   0042a854     LIBCD:_file.obj
 0003:00002858       __aenvptr                  0042a858     LIBCD:crt0.obj
 0003:0000285c       __wenvptr                  0042a85c     LIBCD:crt0.obj
 0003:00002860       ___error_mode              0042a860     LIBCD:crt0.obj
 0003:00002878       ___lc_handle               0042a878     LIBCD:nlsdata2.obj
 0003:00002890       ___lc_codepage             0042a890     LIBCD:nlsdata2.obj
 0003:00002894       ___lc_collate_cp           0042a894     LIBCD:nlsdata2.obj
 0003:0000289c       __stdbuf                   0042a89c     LIBCD:_sftbuf.obj
 0003:000028a4       __pxcptinfoptrs            0042a8a4     LIBCD:winxfltr.obj
 0003:000029b0       __adbgmsg                  0042a9b0     LIBCD:crt0msg.obj
 0003:000029b4       __newmode                  0042a9b4     LIBCD:_newmode.obj
 0003:000029b8       ?_pnhHeap@@3P6AHI@ZA       0042a9b8     LIBCD:handler.obj
 0003:000029dc       __commode                  0042a9dc     LIBCD:ncommode.obj
 0003:000029ec       __fmode                    0042a9ec     LIBCD:txtmode.obj
 0003:000029f4       ___mbcodepage              0042a9f4     <common>
 0003:00002a70       ___mbulinfo                0042aa70     <common>
 0003:00002a7c       ___ismbcodepage            0042aa7c     <common>
 0003:00002a80       __mbcasemap                0042aa80     <common>
 0003:00002b80       __mbctype                  0042ab80     <common>
 0003:00002c84       ___mblcid                  0042ac84     <common>
 0003:00002c88       ___sbh_sizeHeaderList      0042ac88     <common>
 0003:00002c98       ___sbh_indGroupDefer       0042ac98     <common>
 0003:00002c9c       ___sbh_pHeaderScan         0042ac9c     <common>
 0003:00002ca0       ___sbh_pHeaderDefer        0042aca0     <common>
 0003:00002ca4       ___sbh_cntHeaderList       0042aca4     <common>
 0003:00002ca8       ___sbh_pHeaderList         0042aca8     <common>
 0003:00002cac       __crtheap                  0042acac     <common>
 0003:00002cc0       ___pioinfo                 0042acc0     <common>
 0003:00002dfc       __nhandle                  0042adfc     <common>
 0003:00002e00       __pfnReportHook            0042ae00     <common>
 0003:00002e0c       __pfnDumpClient            0042ae0c     <common>
 0003:00002e18       __acmdln                   0042ae18     <common>
 0003:00002e24       ___piob                    0042ae24     <common>
 0003:00003180       __bufin                    0042b180     <common>
 0003:00004180       __nstream                  0042c180     <common>
 0003:00004184       ___env_initialized         0042c184     <common>
 0003:00004194       ___mbctype_initialized     0042c194     <common>
 0003:00004198       ___onexitend               0042c198     <common>
 0003:0000419c       ___onexitbegin             0042c19c     <common>
 0003:000041a0       __FPinit                   0042c1a0     <common>
 0004:00000000       __IMPORT_DESCRIPTOR_KERNEL32 0042d000     kernel32:KERNEL32.dll
 0004:00000014       __NULL_IMPORT_DESCRIPTOR   0042d014     kernel32:KERNEL32.dll
 0004:00000190       __imp__GetLocalTime@4      0042d190     kernel32:KERNEL32.dll
 0004:00000194       __imp__WideCharToMultiByte@32 0042d194     kernel32:KERNEL32.dll
 0004:00000198       __imp__GetTimeZoneInformation@4 0042d198     kernel32:KERNEL32.dll
 0004:0000019c       __imp__ExitProcess@4       0042d19c     kernel32:KERNEL32.dll
 0004:000001a0       __imp__TerminateProcess@8  0042d1a0     kernel32:KERNEL32.dll
 0004:000001a4       __imp__GetCurrentProcess@0 0042d1a4     kernel32:KERNEL32.dll
 0004:000001a8       __imp__GetCommandLineA@0   0042d1a8     kernel32:KERNEL32.dll
 0004:000001ac       __imp__GetVersion@0        0042d1ac     kernel32:KERNEL32.dll
 0004:000001b0       __imp__IsBadWritePtr@8     0042d1b0     kernel32:KERNEL32.dll
 0004:000001b4       __imp__IsBadReadPtr@8      0042d1b4     kernel32:KERNEL32.dll
 0004:000001b8       __imp__HeapValidate@12     0042d1b8     kernel32:KERNEL32.dll
 0004:000001bc       __imp__DebugBreak@0        0042d1bc     kernel32:KERNEL32.dll
 0004:000001c0       __imp__GetStdHandle@4      0042d1c0     kernel32:KERNEL32.dll
 0004:000001c4       __imp__WriteFile@20        0042d1c4     kernel32:KERNEL32.dll
 0004:000001c8       __imp__InterlockedDecrement@4 0042d1c8     kernel32:KERNEL32.dll
 0004:000001cc       __imp__OutputDebugStringA@4 0042d1cc     kernel32:KERNEL32.dll
 0004:000001d0       __imp__GetProcAddress@8    0042d1d0     kernel32:KERNEL32.dll
 0004:000001d4       __imp__LoadLibraryA@4      0042d1d4     kernel32:KERNEL32.dll
 0004:000001d8       __imp__InterlockedIncrement@4 0042d1d8     kernel32:KERNEL32.dll
 0004:000001dc       __imp__GetModuleFileNameA@12 0042d1dc     kernel32:KERNEL32.dll
 0004:000001e0       __imp__GetLastError@0      0042d1e0     kernel32:KERNEL32.dll
 0004:000001e4       __imp__CloseHandle@4       0042d1e4     kernel32:KERNEL32.dll
 0004:000001e8       __imp__ReadFile@20         0042d1e8     kernel32:KERNEL32.dll
 0004:000001ec       __imp__SetHandleCount@4    0042d1ec     kernel32:KERNEL32.dll
 0004:000001f0       __imp__GetFileType@4       0042d1f0     kernel32:KERNEL32.dll
 0004:000001f4       __imp__GetStartupInfoA@4   0042d1f4     kernel32:KERNEL32.dll
 0004:000001f8       __imp__GetFileAttributesA@4 0042d1f8     kernel32:KERNEL32.dll
 0004:000001fc       __imp__UnhandledExceptionFilter@4 0042d1fc     kernel32:KERNEL32.dll
 0004:00000200       __imp__FreeEnvironmentStringsA@4 0042d200     kernel32:KERNEL32.dll
 0004:00000204       __imp__FreeEnvironmentStringsW@4 0042d204     kernel32:KERNEL32.dll
 0004:00000208       __imp__GetEnvironmentStrings@0 0042d208     kernel32:KERNEL32.dll
 0004:0000020c       __imp__GetEnvironmentStringsW@0 0042d20c     kernel32:KERNEL32.dll
 0004:00000210       __imp__HeapDestroy@4       0042d210     kernel32:KERNEL32.dll
 0004:00000214       __imp__HeapCreate@12       0042d214     kernel32:KERNEL32.dll
 0004:00000218       __imp__HeapFree@12         0042d218     kernel32:KERNEL32.dll
 0004:0000021c       __imp__VirtualFree@12      0042d21c     kernel32:KERNEL32.dll
 0004:00000220       __imp__RtlUnwind@16        0042d220     kernel32:KERNEL32.dll
 0004:00000224       __imp__HeapAlloc@12        0042d224     kernel32:KERNEL32.dll
 0004:00000228       __imp__HeapReAlloc@16      0042d228     kernel32:KERNEL32.dll
 0004:0000022c       __imp__VirtualAlloc@16     0042d22c     kernel32:KERNEL32.dll
 0004:00000230       __imp__SetConsoleCtrlHandler@8 0042d230     kernel32:KERNEL32.dll
 0004:00000234       __imp__SetFilePointer@16   0042d234     kernel32:KERNEL32.dll
 0004:00000238       __imp__SetStdHandle@8      0042d238     kernel32:KERNEL32.dll
 0004:0000023c       __imp__FlushFileBuffers@4  0042d23c     kernel32:KERNEL32.dll
 0004:00000240       __imp__CreateFileA@28      0042d240     kernel32:KERNEL32.dll
 0004:00000244       __imp__GetExitCodeProcess@8 0042d244     kernel32:KERNEL32.dll
 0004:00000248       __imp__WaitForSingleObject@8 0042d248     kernel32:KERNEL32.dll
 0004:0000024c       __imp__CreateProcessA@40   0042d24c     kernel32:KERNEL32.dll
 0004:00000250       __imp__GetCPInfo@8         0042d250     kernel32:KERNEL32.dll
 0004:00000254       __imp__GetACP@0            0042d254     kernel32:KERNEL32.dll
 0004:00000258       __imp__GetOEMCP@0          0042d258     kernel32:KERNEL32.dll
 0004:0000025c       __imp__MultiByteToWideChar@24 0042d25c     kernel32:KERNEL32.dll
 0004:00000260       __imp__GetStringTypeA@20   0042d260     kernel32:KERNEL32.dll
 0004:00000264       __imp__GetStringTypeW@16   0042d264     kernel32:KERNEL32.dll
 0004:00000268       __imp__CompareStringA@24   0042d268     kernel32:KERNEL32.dll
 0004:0000026c       __imp__CompareStringW@24   0042d26c     kernel32:KERNEL32.dll
 0004:00000270       __imp__SetEnvironmentVariableA@8 0042d270     kernel32:KERNEL32.dll
 0004:00000274       __imp__SetEndOfFile@4      0042d274     kernel32:KERNEL32.dll
 0004:00000278       __imp__LCMapStringA@24     0042d278     kernel32:KERNEL32.dll
 0004:0000027c       __imp__LCMapStringW@24     0042d27c     kernel32:KERNEL32.dll
 0004:00000280       __imp__ReadConsoleInputA@16 0042d280     kernel32:KERNEL32.dll
 0004:00000284       __imp__SetConsoleMode@8    0042d284     kernel32:KERNEL32.dll
 0004:00000288       __imp__GetConsoleMode@8    0042d288     kernel32:KERNEL32.dll
 0004:0000028c       __imp__PeekConsoleInputA@16 0042d28c     kernel32:KERNEL32.dll
 0004:00000290       __imp__GetNumberOfConsoleInputEvents@8 0042d290     kernel32:KERNEL32.dll
 0004:00000294       __imp__WriteConsoleA@20    0042d294     kernel32:KERNEL32.dll
 0004:00000298       \177KERNEL32_NULL_THUNK_DATA 0042d298     kernel32:KERNEL32.dll

 entry point at        0001:00001c70

