S                                                                                                                                  
S                                                                                                                                  
S                                                                                                                                  
S                                                                                                                                  
S                                                                                                                                  
S                                                                                                                                  
S                                                                                                                                  
                                                                                                                                   
S                                                                                                                                  
S                                                                                                                                  
S                                                                                                                                  
S                                                                                                                                  
S                                                                                                                                  
S                                                                                                                                  
S                                                                                                                                  
                                                                                                                                   
S                                                                                                                                  
S                                                                                                                                  
S                                                                                                                                  
S                                                                                                                                  
S                                                                                                                                  
S                                                                                                                                  
S                                                                                                                                  
                                                                                                                                   
S                                                                                                                                  
S                                                                                                                                  
S                                                                                                                                  
S                                                                                                                                  
S                                                                                                                                  
S                                                                                                                                  
S                                                                                                                                  
                                                                                                                                   
S                                                                                                                                  
S                                                                                                                                  
S                                                                                                                                  
S                                                                                                                                  
S                                                                                                                                  
S                                                                                                                                  
S                                                                                                                                  
                                                                                                                                   
S                                                                                                                                  
S                                                                                                                                  
S                                                                                                                                  
S                                                                                                                                  
S                                                                                                                                  
S                                                                                                                                  
S                                                                                                                                  
                                                                                                                                   
S                                                                                                                                  
S                                                                                                                                  
S                                                                                                                                  
S                                                                                                                                  
S                                                                                                                                  
S                                                                                                                                  
S                                                                                                                                  
                                                                                                                                   
S                                                                                                                                  
S                                                                                                                                  
S                                                                                                                                  
S                                                                                                                                  
S                                                                                                                                  
S                                                                                                                                  
S                                                                                                                                  
                                                                                                                                   
S                                                                                                                                  
S                                                                                                                                  
S                                                                                                                                  
S                                                                                                                                  
S                                                                                                                                  
S                                                                                                                                  
S                                                                                                                                  
                                                                                                                                   
S                                                                                                                                  
S                                                                                                                                  
S                                                                                                                                  
S                                                                                                                                  
S                                                                                                                                  
S                                                                                                                                  
S                                                                                                                                  
                                                                                                                                   
S                                                                                                                                  
S                                                                                                                                  
S                                                                                                                                  
S                                                                                                                                  
S                                                                                                                                  
S                                                                                                                                  
S                                                                                                                                  
                                                                                                                                   
S                                                                                                                                  
S                                                                                                                                  
S                                                                                                                                  
S                                                                                                                                  
S                                                                                                                                  
S                                                                                                                                  
S                                                                                                                                  
                                                                                                                                   
S                                                                                                                                  
S                                                                                                                                  
S                                                                                                                                  
S                                                                                                                                  
S                                                                                                                                  
S                                                                                                                                  
S                                                                                                                                  
                                                                                                                                   
S--- - ------                   --------  -                                                                                        
S                                                                                                                                  
S                                                                                                                                  
S                                                                                                                                  
S                                                                                                                                  
S                                                                                                                                  
S                                                                                                                                  
                                                                                                                                   
SOOZ=--)OOXXZ)==---                     -                                                                                          
S--     --                                                                                                                         
S                                                                                                                                  
S                                                                                                                                  
S                                                                                                                                  
S                                                                                                                                  
S                                                                                                                                  
                                                                                                                                   
SOOOO=IOOOOOOOOOOOOOMMMMMZ)+=====----                                                                                              
S+X+-  +XXX++++++=--                                                                                                               
S***   **********                                                                                                                  
S...   ..........                                                                                                                  
S-H=   -HHH==---                                                                                                                   
S B     BBC                                                                                                                        
S       VV                                                                                                                         
                                                                                                                                   
SOOOOZOOOOOOOOOOOOOOOOOOOOOOOOOOOOMXZZ)==-------------                   -  -- --                                                  
S+XX+ -XXXXX++XXXXXXXXXXXX+++++++=                                                                                                 
S****  **************************                                                                                                  
S....  .........................                                                                                                   
S HH-  HHHHH==HHHHHHHHHHHH=---                                                                                                     
S BB   BBBBB  BBBBBBBBBBBC                                                                                                         
S VV    VVVV   VVVVVV                                                                                                              
   A    AAAA   AAAA                                                                                                                
SXOOOOOOOOOOOAOOOOOOOOOOOOOOOOOOOOOOOOOOOOOZ)ZXIIII)+=-----------  ----------------                                                
S +XX+++X++X+ -XXXXXXXXXXXXXXXXXXXXXXXX+++=                                                                                        
S ***********  ***************************                                                                                         
S ...........  ...........................                                                                                         
S =HH--=H=-H-  HHHHHHHHHHHHHHHHHHHHHHHH=--                                                                                         
S  BC   C  B   CBBBBBBBBBBBBBBBBBBBBBBB                                                                                            
S  V             VVVVVVVVVVVVVVVVVVVV                                                                                              
   A              AAA  AAAAAAAAAA AA                                                                                               
S)OOOOOOOX+OOOOOOOOOOOOOOOOOOOOOOOOOOOOOOOOOOOOOOOOOOOOOOOOMZI+--       -           --                                             
S +XXXXX+  +XX+X+++++++XXXXXX++XXXXXX+XXXXX+++XXX+++++++=+-                                                                        
S *******  ****** *** *********************************                                                                            
S .......  ...... ... ...............................                                                                              
S -HHHHH-  -HH=H-  =- -HHHHHH-=HHHHHH=HHHHH=--HHH-                                                                                 
S  BCBBB    BC C       BBBBBC  BBBBBB BBBBB   CBC                                                                                  
S  V   V               VVVVV   VVVVV   VVVV                                                                                        
                        AAAA           AAA                                                                                         
S=OOOOOOOOXOOOOOOOOOOOOOOOOOOOOOOOOOOOOOOOOOOOOOOOOOOOOOOOOOOOOOMI=---      ---                                                    
S +XXXXX+= +XXXX+=-++++XXXXX+++XXXXXX++XXXXX++XXXX++++===+=====-                                                                   
S *******  ******  ** *******************************                                                                              
S .......  ......  .. ....... ......................                                                                               
S -HHHHH=  -HHHH=  --  HHHHH=  HHHHHH-=HHHHH--HHHH-                                                                                
S  BBBBB    BBBB       CBBBB   BBBBBC  BBBBB  BBBC                                                                                 
S  V  VV     VVV        V VV    VVVV   VVVVV  VVV                                                                                  
       A     A             A    AAA    AAAA    AA                                                                                  
S-OOOOOOOOOOOOOOOOOOOOXOOOOOOOOOOOOOOOOOOOOOOOOOOOOOOAXZZXZ))ZZXAMAZI+=-----==+===--      --------------                    -      
S +XX+++X++XX+++X++++- ++++XX++XXXXXX++XXXXXX+XXX+=--                                                                              
S  *** **************  ***************************                                                                                 
S  ... ....... ......  ...........................                                                                                 
S  HH- -H=-HH- -H=-=-   =--HH-=HHHHHH-=HHHHHH=HHH=                                                                                 
S  BB   C  CC   B          CC  BBBBBB  BBBBBC BBB                                                                                  
S  V                           VVVVV   VVVVV   VV                                                                                  
                               AA       A AA   AA                                                                                  
S-AOOO=OOOOOOO)OOOOOOO)OOOOOOOOOOOOOOOOOOOOOOOOOOOOXXXZI)I+------+ZMMXZII)+)))ZZIZZ)=---          -          -------------     --- 
S  XX= -+XXXX- =XXXX+- =+++++++XX++XXXXXX++XXXXXX+-                                                                                
S  **   *****   *****   **************************                                                                                 
S  ..   .....   .....   .. .......................                                                                                 
S  HH   =HHHH   HHHH=   -- -===HH=-HHHHHH-=HHHHHH=                                                                                 
S  CB    BBBB   BBBB           BB  BBBBBB  BBBBBB                                                                                  
S        VVV     VVV                VVVV    VVVVV                                                                                  
          A      AAA                A  A    AAAAA                                                                                  
S )OOO)OOOOOOOOOOOOOOOOOOOOOOOMOOOOOOOOOOOOOOOOOOOOMMOOMAMMZ+==----==+)III+=----==)AOO)---------       ------=ZAMOOOOOMAZ=-------- 
S  +X+ -+X+XX+-+XXXXX+++++=++= +++=+XXXXX++XXXXXX+=  --                             =-                           -----             
S  ***  ****** *********** **  *** ***************                                                                                 
S  ..   ......  .......... ..  ..  ....... .......                                                                                 
S  -H   =H=HH-  HHHHH=--=- --   =  =HHHHH  HHHHHH=                                                                                 
S   B    C CB   BBCBB               BBBBB  CBBBBB                                                                                  
S   V                               VVVV    VVVVV                                                                                  
                                    AAAA    AAA A                                                                                  
S =OOOOOOOOOOOOOOOAOOOOOOM-MOOOOOOOOOOOOOOOOOOOOOOOZXAMAAXAAZI++==------======-------+ZMOOZ=-------------=)OOOOOOOOOOOOOOOOX=-  -- 
S  +X+++++++++XXX+ -XXXX+   ++++++=+XXXXX++XXXXXXX=                                     --                 -++++++++++++++=        
S  *******  ******  *****   *****  ***************                                                           *************         
S  .......  ......  .....   .....  ...............                                                            ............         
S   H==-==  -=HHH-  HHHH-   -=---  =HHHHH==HHHHHHH                                                            -----------          
S   B         CBB   BBBB            BBBBB  BBBBBBC                                                                                 
S   V                VVV            VVVVV   VVVVV                                                                                  
    A                                  A    AAAAA                                                                                  
S -OOOOOOOIZOOOOOOIMOOOOOOOOOOOOOOZOOOOOOOOOOOOOOOOOOOOOOOOOOOXII)+=+)IZZZXAAMXZZI)+=---IOOOOOOAZZZZZXOOOOMOOOOOOOMOOOOOOOOOOO+-- -
S  =XXXXX+  +XXXX+  XXXXX+-++++++= -+++XXXXXXX+XXX+--===---=--                           -++++-       -==- ---=+=- -+++++++++-     
S   ******  ******  ****** ******   ***************                                       ***                        *******       
S   .....   ......  ......  .....   ...............                                                                   ..           
S   HHHHH   -HHHH   HHHHH   ==---   ===HHHHHHH=HHH-                                                                                
S   BBBBC    CCBB   BBBBC              BBBBBBC BBB                                                                                 
S   VVV        VV    VVV                VVVVV   VV                                                                                 
                A    AAA                AAAA    A                                                                                  
S  ZOOOOOOMOOOOOOOOOOOOOOOOOOOIOOOOOOOOOOOOOOOOOOOOOOOOOOOOOOOOOOOOOOOOOOOOOOOOOOOOOOX)==)ZOOOOOOOOOOOOOOOAXMMXI+=--=)ZZIIIXOOZ-- -
S   +XXXX+ -+X+XX+++X+=+XXXX++ =++--++++XXXXX++XXXX++++++++++++++++++++++++++++++++=-      -+++++++++++==-                  -=     
S   ******  ********** ******   **  ****************************  **************             *********                             
S   ......  .......... ......   ..  ...........................      ....  ....              ...                                   
S   =HHHH   =H=HH=--H- -HHHH=   --  -  -HHHHH- HHHH-----------        --                      -                                    
S    BBBC    C CB   C   BBCC            BBBBB  CBBC                                                                                
S    V                                    VVV   VV                                                                                 
                                           A    AA                                                                                 
S  +OOOOOOOOOOOOOOOOOO=OOOOOOO=AOOOOOOMOOOOOOOOOOOOOOOOOOOOOOOOOOOOOOOOOOOOOOOOOOOOOOOOOA)==)MOOOOOOOOX==)))XMAZ)+=----------+=----
S   +X+++X+XX++++XXX+- -XXXX+-  +X++++ =+++XX++XXXXX+++++++++++++++++++++++++++++++++++=      ++++++++                             
S   **********  *****   *****   *****   ***********************************************        ******                              
S   ..........  .....   .....   .....   .............................................          ...  .                              
S   -H- =H-HH=  -HHH=   HHHH=   -H==-   ---HH=-HHHHH====================------------                                               
S    B   C CB    BBB    CBBB     C         BB  BBBBC                                                                               
S           V    VVV     VV                 V   VVV                                                                                
                  AA                            AA                                                                                 
S  =OOX=OOOOOO++OOOOOOAOOOOOOOOOOOOOOOZZOOOOOOOOOOOOOOOOOOOOOOOOOOOOOOOOOOOOOOOOOOOOOOOOOOOOMOOOOOOOOOX+==---=XOOOOOOA+------------
S   ++  +XXXX+  +XXXX+ +XX++++++++++++  ++++XXXXXXX++++++++++++++++++++++++++++++++++++++++- -+++++++-         -++++=              
S   **   *****  *****  ***************  *********************************************  ***     ***                                 
S   ..   .....  .....   .............   .............................................                                              
S   -=   HHHH-  -HHHH   HH-==- -=----    ---HHHHHHH==-------------------------------                                               
S        BBCB    CBBC   BC                  CBBBBBB                                                                                
S        V  V     VV                          VVVVV                                                                                
                                               AAA                                                                                 
S  =OOOZOOOOOOOOOOOOOOOOOOIOOOOOOO+IOOOOOOOOOOOOOOOOOOOOOOOOOOOOOOOOOOOOOOOOOOOOOOOOOOOOOOOOOOOOOOOOOOOMZ=------=IMOOOOX=---=ZAI=--
S   +X- +XX+X++=++++X++X++ ++X+++=  ++++++=+++++XXXXX++++++++++++++++++++++++++++++++++++++===++++++=--            ++++            
S   **  ******  **********  *****   ******  **********************************************                          **             
S   ..  ......  .........   .....   ......  .. ..........................................                                          
S    H   HH=H=  ==-=H==H=   =H===   ------  -- -HHHHH=====--------=======-------------                                             
S    B   BB B       B  C     B                  BBBBC                                                                              
S        VV                                      VV                                                                                
                                                 AA                                                                                
S- =OOOOOOOOOOOOOOIXOOOOOO=OOOOOOOIXOOOOOOZZOOOOOOOOOOOOOOOOOOOOOOOOOOOOOOOOOOOOOOOOOOOOOOOOOOOOOMOOOOOOMXI+--   --+AOOOOXXOOOOOO+-
S   +X+++X+-++XXX+  +XXX+= -+XXXX+  +XXX++  +++++XX++++++++++++++++++++++++++=----===+=+=-------- ------             =++-  -++++-  
S   ******* ******  *****   *****   ******   ******************************                                           **     **    
S    ...... ......  .....   .....   ......   .......  ...................                                             .            
S    H=-=H-  =HHH-  =HHH=   =HHHH   -HHH=    ---=HH-    ----------------                                                           
S    B   C    BBB    BBB     BBBC    CBC         BB                                                                                
S               V    V       VVV                 VV                                                                                
                             A                                                                                                     
S- =OOOOOOOIOOOOOOAMOOOOOOOOOOOOOOOOOOOOOOOOOOOOOOOOOAMMMOOOOOOOOOOOOOOOOMMAXXXXXXXXXAAAAAAMMMMOOOOOOOOOOOOOMI=--   -)AOOOOOOOOOOX-
S   +XXXX++ -+XXX+  +X++++-++++XX+++++++++=-++++++++-    ----=====-------                      ----=++++++++           ++++++++++  
S   *******  *****  ****** ***************  ********                                                     **             *********  
S    ......  .....  ...... ...............  ........                                                                    .........  
S    HHHH=   =HHH-  =H=-=-  ==-HH=--==--=-   =- -==-                                                                       ----    
S    BBBB     BBB    B         CB                                                                                                  
S      V      VVV                                                                                                                  
              AAA                                                                                                                  
S  =OOOOOOOOOOOOOOOOOOOOOOOOOOZOOOOOOOZXOOOOOOOXOOOOOOMAZZZXXAAAAAXXZZZXZZZZZXXXXXXXZXXXAOOOOOOOOOOOOOOOOOOOOOOX)=-  --+MOOOOOOOOZ-
S   +XX++++-++XXXXXXX+-+++XX++ =+XXX++  +XXX++- ++++=-                                   ----=++++++++++++++++-          ++++++++  
S   ******* **********  *****   ******  ******  ****                                           ***************            *******  
S   .......  .........  .....   ......  ......   ...                                            ..............                  .  
S    HH===-  =HHHHHHH-  -=HH=   =HHH=-  -HHH=-   ---                                             ---------==-                      
S    BC       BBBBCCB     BC     BBB     CBC                                                                                       
S    V        V VV               V                                                                                                 
                A                                                                                                                  
S  =OOOOOOOOOOOOOOOOOO)OOOOOOO-IOOOOOO+IOOOOOOX=OOOOOOOOOOMAAAAMMMOOOMMMMAXXXXXXXAMOOOOOOOOOOOOOOOOOOOOOOOOOOOOOOOI------=ZAXIZOO= 
S   +XX++++XXXX++XXXX+ -+++++-  +XXX++  +XXXX+  -++++++++-        ---              --=++++++++++++++++++++++++++=-             --  
S   ******************  *****   ******  ******   *******                                ***********************                    
S    .................  .....   ......  ......   ....                                    ......................                    
S    HH--==HHHH==HHHH   =====   -HHH=   -HHHH-   -=--                                     ------=-====--------                     
S    BC    CBBC  BBBB            BCC     BCCC                                                                                      
S    V           VVVV                                                                                                              
                  AA                                                                                                               
S  =OOO=)OOOOOOOOOOOOOOOOOOOOOOOOOOOOOOOOOOOOOOOOOOOOZMOOOOOOOOOOOOOOOOOOOOOOOOOOOOOOOOOOOOOOOOOOOOOOOOOOOOOOOOOOOOOI--- --------- 
S   +X+  ++XXX+++XXXXX++X+++++++++++X++++X++++++++++-  --=++++++===++++++======+++++++++++++++++++++++++++++++++=++-               
S   ***  ******  ************* *********************       ****      **         ********************************                   
S   ...   .....  .............  ....................                             ..............................                    
S    H-   =HHH=  HHHHH--H= -=-  ====H---=H--==---==-                             ------------------------------                    
S    B     BBB   CBBBC  C           C    C                                                                                         
S           VV    VVV                                                                                                              
                  AAA                                                                                                              
S- =OOO)IOOOOOOOOOOOOOOOOO=MOOOOOOZXOOOOOOAZOOOOOOOOI--==+IXOOOOOOOOOOOOOOOOOOOOOOOOOOOOOOOOOOOOOOOOOOOOOOOOOOOOOOOOOOA)-  -       
S   +X+  ++XXXX++XXXXXXXX+  ++++++  ++XXX+  +XXX++++        -=+++++++++++++++++++++++++++++++++++++++++++++++++++=++=-             
S   ***  ****************   ******  ******  ********           **************************************************                  
S   ...  ................   .....   ......  ........           .................................................                   
S    H-   =HHHH  HHHHHHHH   -==-=   -=HHH-   HHH=-=-           --====------------====--=------------===========-                   
S    B     CBBC  BBBBBBBB             CCC    BCC                                                                                   
S           VV    VVVVVV                                                                                                           
             A    A    A                                                                                                           
S- -OOOOOOOOOOOOOOOOOOOOOO+MOOOOOO=+OOOOOOZ)OOOOOOOOI--------=)XOOOOOOOOOOOOOOOOOOOOOOOOOOOOOOOOOOOOOOOOOOOOOOOOOOOOOOOOO)-----    
S   +X+++++++XXXXXX++XXXX+  +XXX+=  +XXXX+  +XXXX+++            -++++XXXX++++++++++++++++++++++++++++++++++++++++++=++++-          
S    ********************   *****   ******  ********             *************************************************   ***           
S    .. .................   .....   ......   .......              ..............................................     ..            
S    H=  -- -HHHHHH--HHHH   -HHH=   -HHHH-   HHHH==-              -==HHHH===-====----------============--------                    
S    B       CBBBBC  BBBB    BCC     CBBC    BBBB                    CCCC                                                          
S             V  V   VVV                     V                                                                                     
                 A    AA                                                                                                           
S- -OOOOOOOXIOOOOOOOOOOOOOOOOOOOOOOOOOOOOOOOOOOOOOOOX--=----   ---+MOOOOOOOOOOOOOOOOOOOOOOOOOOOOOOOOOOOOOOOOOOOMMOOOOOOOOOOA)----  
S   -XXXX++  +XXXX+++XXXXX++++++++-=++++X++++X++XXX+                ++++++++++++++++++++++++++++++++++++++=--+-  +++=+++++-        
S    ******  ****** **************  ****************                *************************************        **   ****         
S    ......   ..... .......... ...  ................                 .................................                ...          
S    HHHH=-   HHHH= -HHHHH--=- -=-  -=--H=  =H=-HHH=                 ----===------------------------                   --          
S    BCCC     BBBB   BBBBC              C    C  CBC                                                                                
S             VVVV   VVVV                                                                                                          
               AAA     A                                                                                                           
S- -OOOOOOOI-OOOOOOOOOOOOOOOOO=AOOOOOOOOOOOOOOOAOOOOO)+I)++=----- --+XOOOOOOOOOOOOOOOOOOOOOOOOOOOOMMAAAMMMMAAMMI-IOOOOOOOOOOOI-    
S   -XXX+++  -XXXXX++XXXXXXXX-  ++++++--+XXXX++ +XXX-                 --+++++++++++++++++++++++=--                +++++++++++      
S    ******   ***************   ******  ******* ****                     *********************                     *  *******      
S    ......   ...............   ......  ......   ...                     ....................                      .   .....       
S    HHH==-   HHHHH-=HHHHHHHH   -====-  -HHHH-   HHH                      ---======--=------                            ----       
S    BBC      BBBBC  BBBBBBBC            BCCC    CBC                                                                               
S    V         VVV   V  VVVV                      V                                                                                
               A A       AAA                                                                                                       
S- -OOOOOOOOOOOOOOOOOOOOOOOOOO=IOOOOOO==OOOOOOO=OOOOOOOOOOOOOOMZ)=---=IZZXMOOOOOOOOOOOOOOOMAAAMMAAAMMMMMMMMMMMMZ--+MOOOOOOOOOO=    
S   -XX+++++=+XXXXXXXX+++XXXX+  ++++++  +XXXX+- =XXX++++++=---             ---=++++++==---                          +++++++++=     
S    ******* ****************   ******  ******   *****                                                                *******      
S    ......  ................   ......  ......   ....                                                                 .......      
S    HH=---   HHHHHHHH- =HHHH   -====    HHHH-   HHH-                                                                  ------      
S    BB       CBBBBBBB   BBBB            BCCB    CBC                                                                               
S    V         VVVVVVV   VVVV                                                                                                      
                         AAA                                                                                                       
S- -OOOO)MOOOOOOOOOOOOOOOOOOOOOOOOOOOOOOOOOOOOOOOOOOOOOOOOOOOOOOOOOAIIII))))IZZZXXXXXXXXXXXXXXAAAAAXXXXXXXXAMMOM=--=ZOOOOOOOOO+    
S   -XX-  ++++++++XXXX+++XXXXX++++++++--+XXXX++++XXX++++++++++++=--                                           -      -++++++++     
S    **   ****************************  ******* ************                                                           ******      
S    ..   ...... ...... ..............  ....... .........                                                              ......      
S    HH   =-===- -HHHH- -HHHHH- ---==-  -HHHH=  -HHH=--                                                                ------      
S    BB           BBBB   BBBBC           CCCB    CBC                                                                               
S                 VVVV   VVVV                                                                                                      
                   AA    A A                                                                                                       
S- -MOOM=MOOOOOOOOOOOOOOOOOOOOOOOOOOOOOOOOOOOOOOOOOOOOOOOOOOOOOOOOOOOOOMXZZZZZIIIZIIIZZZZXXXXXXXXAXXAMMMOOOOOOOOZ- --)ZOOOOOOM-    
S    XX   ++++++-+XXXXX+XXXXXXXXX+++++++++XXXX+XXXXX+++++++++++++++++--                                 --==++++       -+++++      
S    **   ****** ***************************************************                                         ***        *****      
S    ..   ...... ......................................... ..   ...                                           .          ....      
S    HH   ====-  -HHHHH=HHHHHHHHH--=======HHHH=HHHHH=----                                                     -          ----      
S    CC           BBBBB CBBBBBBBC         CBBC BBCBB                                                                               
S                  VVV   VVVVVVV                                                                                                   
                   A     AAAAAAA                                                                                                   
S- -MOOOOOOOOOOOOOOOOOOOOOOOOOOOOOOOOOOOOOOOOOOOOOOOOOOOOOOOOOOOOOOOOOOOOOOOOOOOOOMMAAAAAMMAAMOOOOOOOOOOOOOOOOOOO)-----=)MOOO=     
S    XX+++++++++++XXXXXXXXXXXXXXX++++++X+++XXX+XXXXX++++++++++++==+++++++==++=----            -----=+++++++++++++         =+-      
S    ***************************** ****************************     ***                               ***********                  
S    .............................  ..........................       .                                 ..........                  
S    HH- -==--=- -HHHHHHHHHHHHHHH-  --=H=-=HHH=HHHHH=-----  -                                           ----====-                  
S    CC           BBBBBBBBBBBBBBC      C   CBC BBBBB                                                                               
S                  VVVVVVVVVVVVV                                                                                                   
                   A  AAAAAAAAA                                                                                                    
S- -OOOOOOOOOOOOOOOOOOOOOOOOOOOOO)==)AOOOOOOOOOOOOOOOOOOOOOOOOMAXMOOOOOOOOOOOOOOOOOOOOOOOOOOOOOOOOOOOOOOOOOOOOOOOOI-------==--     
S   -XXXXX++++++XXXXXXXXXXXX++++-     -++++++++++++++++++++=--    -=++++++++++++++++++++++++++++++++++++++++++++++                 
S    **************************         ******************           **   ****************************************                 
S    ..........................          ................                  ........        .......................                 
S    HHHHH==---=HHHHHHHHHHHH=--           --======----                      -------          -------==========-==                  
S    BCCCC      BBBBBBBBBBBB                                                                                                       
S                VVVVVVVVVV                                                                                                        
                   AAAAAAA                                                                                                         
S- -OOOOOOOOOOOOOOOOOOOOOOOOOMAAXI=-----==+IZXXZXAZ))ZAZ)+====-----=+ZOOOOOOOOOOOOOOOOOOOOOOOOOOOOOOOOOOOOOOOOOOOOOO)=--  --- -    
S   -XXXXX+++++XXXXXXXX++++=-                                         -++++++++++++++++++++++++++++++++++++++++++++-               
S    *********************                                              *******************************************                
S    ....................                                                .   ......................................                
S    HHHHH==--=HHHHHHHH=-                                                    ---------------=-----============-----                
S    BBCCC     CBBBBBBC                                                                                                            
S    VV         VVVVV                                                                                                              
     A           AAA                                                                                                               
S- -IOOOOMXXMMOOOOOOOOOOMAAXXXAAAXI+--   ----===+)I)--+ZI+=====-------=)XOOOOOOOOOOOOOOOOOOOOOOOOOOOOOOOOOOOOOOOOOOOOOM)==-        
S    +=--     --=++++=--                                                 -++++++++++++++++++++++++++++++++++++++++X++-             
S    *           ***                                                       ******************************************              
S    .            ..                                                        ........................................               
S                                                                             -----------------------------=======H-               
S                                                                                                                 C                
S                                                                                                                                  
                                                                                                                                   
S- --=-----------=)IIIIIIZXXXAMMXXXZI)=----------+ZXI==ZAXZIIIII+==---  -=)XOOOOOOOOOOOOOOOOOOOOOOOOOOOOOOOOOOOOOOOOOOOOOOI-       
S                                                                           -=++++++++++++++++++++++++++++++++++++++++++=-         
S                                                                              ****************************************            
S                                                                               ......................................             
S                                                                                ---=---------==================------             
S                                                                                                                                  
S                                                                                                                                  
                                                                                                                                   
S--  --------------=)IZZZZZXXXAMMOOOOOOMZI+=------=IXI+)XAAAXAAAZII)+=------=)ZMOOOOOOOOOOOOOOOOOOOOOOOOOOOOOOOOOOOOOOOOOO)-       
S                                ---=+-                                         -=++++++++++++++++++++++++++++++++===+--++         
S                                                                                  *****************************        **         
S                                                                                  ............................         .          
S                                                                                   -------==---=====-==------                     
S                                                                                                                                  
S                                                                                                                                  
                                                                                                                                   
S-  ----------------=IZZZZZXMOOOOOOOOOOOOOOOOXI+=--=IMOMMOOOOOOOOOOOOOOMXI+------=))XOOOOOOOOOOOOOOOOOOOOOOOOMMMMMMMOO)=++--       
S                            -=++++++++++++=-         -  ---=====------              -++++++++++++++++++=----       --             
S                              **********                                               *************                              
S                               ........                                                 ..........                                
S                                -------                                                                                           
S                                                                                                                                  
S                                                                                                                                  
                                                                                                                                   
S-- -----=-------=+)IAOOOOOOOOOOOOOOOOOOOOOOOOOOOOOOOOOOOOOOOOOOOOOOOOOOOOOOAI+=--=-=+))IZXXAAAAAAAMMAMMMMMMMMMMMMOOOOZ-----       
S                     -=++++++++++++++++++++====----=+++++++++++++++++++++=-                                      ----             
S                          **************            *******************                                                           
S                          ..............             .........                                                                    
S                           ----===-----              -----                                                                        
S                                                                                                                                  
S                                                                                                                                  
                                                                                                                                   
S-  -XMAAMMMMXXMOOOOOOOOOOOOOOOOOOOOOOOOOOOOOOOOOOOOOOOOOOOOOOOOOOOOOOOOOOOOOOOOXZ))++)))IZIIIIIIIIZZZXXXXAAMMMMAAAMMMM+-          
S               --=++++++++++++++++++++++++++++++++++++++++++++++++++++++++++=--                                                   
S                      ************************  *********************** ***                                                       
S                       ...................          ...............                                                               
S                       ----=====---------            ---------                                                                    
S                                                                                                                                  
S                                                                                                                                  
                                                                                                                                   
S- -+OOOOOOOOOOOOOOOOOOOOOOOOOOOOOOOOOOOOOOOOOOOOOOOOOOOOOOOOOOOOOOOOOOOOOOOOOOOOOOOMMOOOOOOOOOOOOMMMMMMMMMAMMMMMOOOOOOOZ=-        
S    ++++++++++++++++++++++++++++++++++++++++++++++++++++++++++++++++++++++++++++=--  ---==-------               ----==-           
S    ******** ********  ********************          ********************  ****                                                   
S     .   ..   ......   ...................           ..................                                                           
S                ---    ------------===---             ---------------                                                             
S                                                                                                                                  
S                                                                                                                                  
                                                                                                                                   
S- -IOOOOOOOOOOOOOOOOOOOOOOOOOOOOOOOOOOOOOOAAMMOOOOOOOOOOOOOOOOOOOOOOOOOOOOOOOOOOOOOOOOOOOOOOOOOOOOOOOOOOOOOOOOOOOOOOOOOOO--       
S    ++++++++++++++++++++++++++++++++++++=-    -=+++++++++++++++++++++++++++++++++++++++++++++++++++++++++===++++++++++++-         
S    *******  ******    ****************              *******************       ****  ****************          *********          
S    ..        ..        ...............               ................                .............             ........          
S    --                  --------=-----                -----=---------                 ------------               -------          
S                                                                                                                                  
S                                                                                                                                  
                                                                                                                                   
S-  IOOOOOOOOOOOOOOOOOOOOOOOOOOOOOOOOOI+==------+ZOOOOOOOOOOOOOOOOMAXZIIIIIXOOOOOOOOOOOOOOOOOOOOOOOOOOOOOOOOOOOOOOOOOOOOOO)-       
S    ++++++++++++++++++++++++++++++++-            --=+++++++++++=-          -=+++++==+++++++++++++++++++++++++++++++++++++         
S    *******************************                   *********              ****    ************************************         
S    .... .    ...        .........                    ........                        ...................................         
S    ---                  --===----                     -==---                          --==========================-----          
S                                                                                                                                  
S                                                                                                                                  
                                                                                                                                   
S- -IOOOOOOOOOOMAXZZZZAAAMOOOOOOOMXZI++++==--------==)IZMOOOXI+==------------=IMOOOOOOOOOOOOOOOOOOOOOOOOOOOOOOOOOOOOOOOOOOO-       
S    +++++++=--           -===---                        ==-                    -+++++++++++++++++++++++++++++++++++++++++-        
S    *****                                                                        *** ************************************         
S    ....                                                                               ..................................         
S    ==--                                                                               -------=-====----==========-----=-         
S                                                                                                                                  
S                                                                                                                                  
                                                                                                                                   
S- -+OOAZI)II+==---==-+)+)ZXXZZZZZZIIIII))+=------------=)ZZI+===--------------=))ZMOOOOOOOOOOOOOOOOOOOOOOOOOOOOOOOOOOOOOOO-       
S    +-                                                                             =++++++++++++++++++++++++++++++++++++++        
S                                                                                     *************************************        
S                                                                                      ....................................        
S                                                                                       --===================--==-------==         
S                                                                                                                                  
S                                                                                                                                  
                                                                                                                                   
S-  -+=-----=------==--===)ZZIIZZZXZXXAXZZI)=-------------)ZXZZZII))++==------------+XOOOOOOOOOOOOOOOOOOOOOOOOOOOOOOOOOOOOO-       
S                                                                                     --++++++++++++++++++++++++++++++++++=        
S                                                                                        *********************************         
S                                                                                        .................................         
S                                                                                        -----=========---==========----=-         
S                                                                                                                                  
S                                                                                                                                  
                                                                                                                                   
S   -=-----=++========-==-=)ZZZZZXAAMOOOOOOMAZ)+=---------)XXXXAAAAAXXZI)+==-----=----=)ZOOOOOOOOOOOOOOOOOOOOOOOOOOOOOOOOO)-  -    
S                                    ------                                              -+++++++++++++++++++++++++++++++-         
S                                                                                          *********** ****************            
S                                                                                            ...         .............             
S                                                                                                         -----====---             
S                                                                                                                                  
S                                                                                                                                  
                                                                                                                                   
S  --I+=---======-----------=IZXAOOOOOOOOOOOOOOOOOAI)==---+ZMOOOOOOOOOOOOOOOX)=---=+----=IXZXXXAXXXXXXXAAMMMOOOOOOOOMXI=+)=- --    
S                                -=+++++++++++++=-           --=++++++++==--                                ----=---               
S                                  ***********                                                                                     
S                                   ........                                                                                       
S                                    ----                                                                                          
S                                                                                                                                  
S                                                                                                                                  
                                                                                                                                   
S- --I)+==-=)IIZZZZXXZXXXXXXMOOOOOOOOOOOOOOOOOOOOOOOOOOOOOOOOOOOOOOOOOOOOOOOOOOA)-------=IXZZXAAAXXZZZZXXXAAMMMMMMOOMMZ++)=- --    
S                            =++++++++++++++++++++++++=----+++++++++++++++++++-                                   --               
S                             *****************  ****      **************                                                          
S                             ................              ......                                                                 
S                              --------------               --                                                                     
S                                                                                                                                  
S                                                                                                                                  
                                                                                                                                   
S- -=OOOOMMOOOOOOOOOOOOOOOOOOOOOOOOOOOOOOOOOOOOOOOOOOOOOOOOOOOOOOOOOOOOOOOOOOOOOOOXII+---+ZIIZZXAAAAMMMOMMAXXXXXXAMMMOXIZZ=-       
S    ----  -==++++++++++++++++++++++++++++++++++++++++++++++++++++++++++++++++++=-                     -             -             
S                 *****************************   ***********************   ****                                                   
S                   ..........................     .................                                                               
S                       ------===--=---------       --  ---------                                                                  
S                                                                                                                                  
S                                                                                                                                  
                                                                                                                                   
S- -)OOOOOOOOOOOOOOOOOOOOOOOOOOOOOOOOOOOOOOOOOOOOOOOOOOOOOOOOOOOOOOOOOOOOOOOOOOOOOOOOOMI)ZMMAAAOOOOOOOOOOOOOOOOOMMMMAMXIMO=-       
S    +++++++++++++++++++++++++++++++++++++++++++++++++++++++++++++++++++++++++++++++=-         ---=+++++++=-----         -         
S    ********************************************      **********************   ***                  ****                          
S    .... ......................................         ................        ..                    .                           
S     -     ------ ----------------=========----           ------------                                                            
S                                                                                                                                  
S                                                                                                                                  
                                                                                                                                   
S- -IOOOOOOOOOOOOOOOOOOOOOOOOOOOOOOOOOOOOOOOOOOOOOOOOOOOOOOOOOOOOOOOOOOOOOOOOOOOOOOOOOOOOOOOOOOOOOOOOOOOOOOOOOOOOOOOOOOMOOI-       
S    +++++++++++++++++++++++++++++++++++++++++++++++++++++++++++++++++++++++++++=+++++++++++++++++++++++++++++++++==--- ++         
S    *****  ***********   ************************       **********************   *******************************        *         
S    ....    .  ..   .       ....................          ...........    ....     ..... ..... ................                    
S    ----       -             ---=========-------           ----------               --   ---   ---=======----                     
S                                                                                                                                  
S                                                                                                                                  
                                                                                                                                   
S- -IOOOOOOOOOOOOOOOOOOOOOOOOOOOOOOOOOOOOMXZXOOOOOOOOOOOOOOOOOOOOOAZI)++)ZOOOOOOOOOOOOOOOOOOOOOOOOOOOOOOOOOOOOOOOOOOOOOOOOM-       
S    ++++++++++++++++++++++++++++++++++=-    -=---====++++++++++=-        -+++++++++++++++++++++++++++++++++++++++++++++++         
S    **********************************                 ********            *****     ************************************         
S    .............. ...      .........                   .....               ...         .................................         
S    -----  --  --            -====---                                        --         ---=----===-------=========----==         
S                                                                                                                                  
S                                                                                                                                  
                                                                                                                                   
S- -ZOOOOOOOOOOOOOOOOOOOOOOOOOOOOOOZ))+=--==+IAX)+IIIIIZXAOOX++==--------=)ZXXMOOOOOOOOOOOOOOOOOOOOOOOOOOOOOOOOOOOOOOOOOOOM-       
S    +++++++++++++=---==--==-=+++=-                       --                   =++++++++++++++++++++++++++++++++++++++++++         
S    *********  **             *                                                ** ***************************************         
S    .........                                                                           .................................         
S    ====-- -                                                                            -----------------------=========-         
S                                                                                                                                  
S                                                                                                                                  
                                                                                                                                   
S- -IOOOOOXZIIIZI)++++))++)ZIIZAXZZ)=-=+=---=+ZXI==+++====+)+------------==+)++IMOOOOOOOOOOOOOOOOOOOOOOOOOOOOOOOOOOOOOOOOO)-       
S    ++=--                                                                       ----+++++++++++++++++++++++++++++++++++X+         
S    **                                                                                 **********************************         
S    .                                                                                   .................................         
S    -                                                                                   --=---==============-----======H-         
S                                                                                                                       C          
S                                                                                                                                  
                                                                                                                                   
S- --I+=--------------------===IIIZZI)ZMAI=---=))=--==-----=)+++++======--=+))+=)XAXXMOOOOOOOOOOOOOOOOOOOOOOOOOOOOOOOOOOOO--       
S                                                                                     --=+++++++++++++++++++++++++++++++X+         
S                                                                                        *********************************         
S                                                                                         ................................         
S                                                                                         ----====------------==========H-         
S                                                                                                                       B          
S                                                                                                                                  
                                                                                                                                   
S-- ---------------=-----------+IZZAMMMMOOX=----=----------)ZXXXAMMXZZI+==-=)II))ZMXZZZZXAOOOOOOOOOOOOOMMMOOOOOOOOOOOOOOOO--       
S                                       --                                                -++++++++=---   --+++++++++++XX+         
S                                                                                          *******           ************          
S                                                                                           ......           ............          
S                                                                                           -----             ----=====HH          
S                                                                                                                      CC          
S                                                                                                                                  
                                                                                                                                   
S-- -=)))+===-------------------)ZMOOOOOOOOOOOOOMAZII+=---=)OOOOOOOOOOOOOX=-=+)))IXAAXZZZXXXXAMMMAXXZXXXXXXXAOOOOOOOOOOOM+-        
S                                  -++++++++=---            -+++++++++++-                                    --==+++++++           
S                                       ****                  *********                                           *****            
S                                        ..                     ...  .                                             ....            
S                                                                                                                   ---            
S                                                                                                                                  
S                                                                                                                                  
                                                                                                                                   
S-  -)II)))==--=====+))+)IIIIZXAOOOOOOOOOOOOOOOOOOOOOOOOOOOOOOOOOOOOOOOOOOOOMXI==-==+))+)ZXXZZXXZZIIIZZZZXAMMMOOOOOOOOAI=-         
S                               -++++++++++++++++++++=-----++++++++++++++++=                                  -------=             
S                                *************              ***************                                                        
S                                ...........                ........   ...                                                         
S                                 -------                    ------                                                                
S                                                                                                                                  
S                                                                                                                                  
                                                                                                                                   
S- -=MMMMOOMMOOOOOOOOOOOOOOOOOOOOOOOOOOOOOOOOOOOOOOOOOOOOOOOOOOOOOOOOOOOOOOOOOOOMZ)+=----=IIIZXMMMMMMMAAXXXAAAMMMOOMMAX)-          
S        --  ---==+++++++++++++++++++++++++++++++++++++++++++++++++++++++++++++-                                 --                
S                   ****************************   ******************    *****                                                     
S                    ..  ......................        .............     .....                                                     
S                          - -----=====--                ----             ---                                                      
S                                                                                                                                  
S                                                                                                                                  
                                                                                                                                   
S- -XOOOOOOOOOOOOOOOOOOOOOOOOOOOOOOOOOOOOOOOOOOOOOOOOOOOOOOOOOOOOOOOOOOOOOOOOOOOOOOOAI+===)IZAOOOOOOOOOOOOOOOOMMMOOOOOOI-          
S    ++++++++++++++++++++++++++++++++++++++++++++++++++++++++++++++++++++=+++++++++-          -++++++++++=----   ------            
S    *************************************************  ***************    ********             ********                           
S    .  .........................................        .............      ......               ....                              
S         ----------=====------------==---------             --------       --=--                                                  
S                                                                                                                                  
S                                                                                                                                  
                                                                                                                                   
S- =OOOOOOOOOOOOOOOOOOOOOOOOOOOOOOOOOOOOOOOOOOOOOOOOOOOOOOOOOOOOOOOOOOOOOOOOOOOOOOOOOOOOOOOOOOOOOOOOOOOOOOOOOOOOOOOOOOO+- -        
S   =++++++++++++++++++++++++++++++++++++++++++++++++++++++++++++++++++++++++++++++++++=----=++++++++++++++++++=----++=            
S    ************************************************** *******************  *********       ******************     **             
S    ........................... ............. .....      .............       ........        ................       .             
S    =-------------------         --------      ---        -----------        -------          --========----        -             
S                                                                                                                                  
S                                                                                                                                  
                                                                                                                                   
S- =OOOOOOOOOOOOOOOOOOOOOOOOOOOOOOOOOOXI)=-----=+IXMOOOOOOOMZ)))++++)IZMOOOOOOOOOOOOOOOOOOOOOOOOOOOOOOOOOOOOOOOOOOOOOOO=  -        
S   =++++++++++++++++++++++++++++++++-              --=+++=             --+++++++++++++++++++++++++++++++++++++++++++X+            
S    ******************************                                        **********     *****************************            
S    ................. .... ......                                         ........            ........................            
S    =-----   ----                                                             ---              -------=========--  -H-            
S                                                                                                                    C             
S                                                                                                                                  
                                                                                                                                   
S- =OOOOOOOOOOOOOOOOOOOOMXI)))++++=-------      -------==-----------------=ZOOOOOOOOOOOOOOOOOOOOOOOOOOOOOOOOOOOOOOOOOOO= --        
S   +X++++++++++++++++=-                                                    -++++++++++++++++++++X++++++++++++++++++XX+            
S   *****************                                                         *****************************************            
S   .............  ..                                                         .........................................            
S    H=====----                                                                ----------==-=====H==-=--============HH-            
S    B                                                                                           C                  CB             
S                                                                                                                                  
                                                                                                                                   
S- =OOOOOOOOOMAZZZIII)==------            -                                -=)AOOOOOOOOOOOOOOOOOOOOOOOOOOOOOOOOOOOOOOOA- --        
S   -++++++=-                                                                  -+++++++++++++++++++XXXXX+++++++++++XXX             
S    **                                                                          *************************************             
S    .                                                                           ......      .........................             
S    -                                                                            ----        -====HHHHH===========HHH             
S                                                                                                  CBBCC           CBC             
S                                                                                                                                  
                                                                                                                                   
S- -=I+====---------               ------------------     ----------------   --=)IXXZI++==+=+)ZAMMOOOOOOOOOOOOOOOOOOOO-  --        
S                                                                                                 -+++++++++++++++XX+=             
S                                                                                                  ******************              
S                                                                                                   .................              
S                                                                                                   - --==========HH=              
S                                                                                                                 CB               
S                                                                                                                                  
                                                                                                                                   
S                         - --       -          --        --            --                      ------=OOOOOOOOOOOOOO--            
S                                                                                                      -+++X++++++XX+              
S                                                                                                       *************              
S                                                                                                       .............              
S                                                                                                       -==H======HH               
S                                                                                                          C      BB               
S                                                                                                                                  
                                                                                                                                   
S                                                                                                                                  
S                                                                                                                                  
S                                                                                                                                  
S                                                                                                                                  
S                                                                                                                                  
S                                                                                                                                  
S                                                                                                                                  
                                                                                                                                   
S                                                                                                                                  
S                                                                                                                                  
S                                                                                                                                  
S                                                                                                                                  
S                                                                                                                                  
S                                                                                                                                  
S                                                                                                                                  
                                                                                                                                   
S                                                                                                                                  
S                                                                                                                                  
S                                                                                                                                  
S                                                                                                                                  
S                                                                                                                                  
S                                                                                                                                  
S                                                                                                                                  
                                                                                                                                   
S                                                                                                                                  
S                                                                                                                                  
S                                                                                                                                  
S                                                                                                                                  
S                                                                                                                                  
S                                                                                                                                  
S                                                                                                                                  
                                                                                                                                   
S                                                                                                                                  
S                                                                                                                                  
S                                                                                                                                  
S                                                                                                                                  
S                                                                                                                                  
S                                                                                                                                  
S                                                                                                                                  
                                                                                                                                   
S                                                                                                                                  
S                                                                                                                                  
S                                                                                                                                  
S                                                                                                                                  
S                                                                                                                                  
S                                                                                                                                  
S                                                                                                                                  
                                                                                                                                   
S                                                                                                                                  
S                                                                                                                                  
S                                                                                                                                  
S                                                                                                                                  
S                                                                                                                                  
S                                                                                                                                  
S                                                                                                                                  
                                                                                                                                   
S                                                                                                                                  
S                                                                                                                                  
S                                                                                                                                  
S                                                                                                                                  
S                                                                                                                                  
S                                                                                                                                  
S                                                                                                                                  
                                                                                                                                   
Processing date = 04/17/15, Time = 15:25:21 File = C:\1401Pictures\AmericanFlag\AmericianFlag.raw                                   
