S                                                                                                                                  
S                                                                                                                                  
S                                                                                                                                  
S                                                                                                                                  
S                                                                                                                                  
S                                                                                                                                  
S                                                                                                                                  
                                                                                                                                   
S                                                                                                                                  
S                                                                                                                                  
S                                                                                                                                  
S                                                                                                                                  
S                                                                                                                                  
S                                                                                                                                  
S                                                                                                                                  
                                                                                                                                   
S                                                                                                                                  
S                                                                                                                                  
S                                                                                                                                  
S                                                                                                                                  
S                                                                                                                                  
S                                                                                                                                  
S                                                                                                                                  
                                                                                                                                   
S                                                                                                                                  
S                                                                                                                                  
S                                                                                                                                  
S                                                                                                                                  
S                                                                                                                                  
S                                                                                                                                  
S                                                                                                                                  
                                                                                                                                   
S                                                                                                                                  
S                                                                                                                                  
S                                                                                                                                  
S                                                                                                                                  
S                                                                                                                                  
S                                                                                                                                  
S                                                                                                                                  
                                                                                                                                   
S                                                                                                                                 -
S                                                                                                                                  
S                                                                                                                                  
S                                                                                                                                  
S                                                                                                                                  
S                                                                                                                                  
S                                                                                                                                  
                                                                                                                                   
S                                                                                                                              ---=
S                                                                                                                                  
S                                                                                                                                  
S                                                                                                                                  
S                                                                                                                                  
S                                                                                                                                  
S                                                                                                                                  
                                                                                                                                   
S                                                                                                                           -==+)II
S                                                                                                                                  
S                                                                                                                                  
S                                                                                                                                  
S                                                                                                                                  
S                                                                                                                                  
S                                                                                                                                  
                                                                                                                                   
S                                                                                                                        --=+)))))+
S                                                                                                                                  
S                                                                                                                                  
S                                                                                                                                  
S                                                                                                                                  
S                                                                                                                                  
S                                                                                                                                  
                                                                                                                                   
S                                                                                                                      --=))))IIIZX
S                                                                                                                                  
S                                                                                                                                  
S                                                                                                                                  
S                                                                                                                                  
S                                                                                                                                  
S                                                                                                                                  
                                                                                                                                   
S                                                -=ZAOOOOMMXZI+-                                                     -=+)))))))IIIZ
S                                                    ----                                                                          
S                                                                                                                                  
S                                                                                                                                  
S                                                                                                                                  
S                                                                                                                                  
S                                                                                                                                  
                                                                                                                                   
S                                  -------------+ZAOOOOOOOOOMOMMX=--                                               --+)))))I))))))I
S                                                  +++++++-- -                                                                     
S                                                  ******                                                                          
S                                                   ...                                                                            
S                                                                                                                                  
S                                                                                                                                  
S                                                                                                                                  
                                                                                                                                   
S                               --=+)++=--+=+ZXXXOAOOOOOOAAAOOOOOMAX)=---                                         -=)++++))I)))))))
S                                                - =+++--   -----                                                                  
S                                                   **                                                                             
S                                                                                                                                  
S                                                                                                                                  
S                                                                                                                                  
S                                                                                                                                  
                                                                                                                                   
S                          ----=)IZZXAZIIAXAOAMMOOOOOOOOOMMOOOOOOOMAAOOI+=--                                     -=+++++++)))))))))
S                                           -   ----++---  -=+++--   --                                                            
S                                                                                                                                  
S                                                                                                                                  
S                                                                                                                                  
S                                                                                                                                  
S                                                                                                                                  
                                                                                                                                   
S                       ---==+IZXXAMMAXMOOOOOOOOOOOOOOOOOMAOOOOOOOOOZ)ZXAAZI)=-                                 -+)+++++++++)))+)++
S                                       ---------==---===  =+++++===                                                               
S                                                             **                                                                   
S                                                                                                                                  
S                                                                                                                                  
S                                                                                                                                  
S                                                                                                                                  
                                                                                                                                   
S                    ---==)IIZIXXMOMAMMOOOOOOOOOOOOOOOOMMMOOOOOOOMMOZIZXAXXAOOI--                              -+++++++++++++++++++
S                                 -    -===-==--==++---   -++++=-  -        --                                                     
S                                                 *        ****                                                                    
S                                                           ..                                                                     
S                                                           --                                                                     
S                                                                                                                                  
S                                                                                                                                  
                                                                                                                                   
S                  --=II)IIZIIIXMMXZMOMOOOOOOOOOOOOOOOAZXMMMOOAZIZZZXXXXAMMMMMMMMZ)=--                       -=+++++==+++++)+++++))
S                                    - -+=-====--=++--      --                                                                     
S                                                                                                                                  
S                                                                                                                                  
S                                                                                                                                  
S                                                                                                                                  
S                                                                                                                                  
                                                                                                                                   
S                 --)AZ)IIZ))ZZXXZZMOOOOOOOOOOOAXAXXAXZZIIIZZZXXXXAAMAXAMMAAMMMMMAMMAZ=-                    -========++++)))))))III
S                                   ---=-------                                                                                    
S                                                                                                                                  
S                                                                                                                                  
S                                                                                                                                  
S                                                                                                                                  
S                                                                                                                                  
                                                                                                                                   
S               --)IXX)ZZ)=+IIII)IZAMMOOOOOOMXXIIIIZXZIIIIZZXXXXXXXXXAXXAXXXXZZZXXZZZXX)-                 --=++)))I)IIIIIIIIIIIIIII
S                                     ------                                                                                       
S                                                                                                                                  
S                                                                                                                                  
S                                                                                                                                  
S                                                                                                                                  
S                                                                                                                                  
                                                                                                                                   
S              -=ZZIIX=)+==)I)))IIZZIZXXAMMOMXXZXAAAXI))IIZZZXXXXXXXXXXXXXZZZZZZXXXXXXXAX)=--           --=)IIZZZXAAAAMAMMAXXXZZZZI
S                                          -                                                                                       
S                                                                                                                                  
S                                                                                                                                  
S                                                                                                                                  
S                                                                                                                                  
S                                                                                                                                  
                                                                                                                                   
S           ---)II))Z)=+=+))++++)))IIZZZXAMMMMAXXZZI))II)IZIZXAXAAAMMAXXXXXAAAMMAAMOMOOOMMMAXI=---    -=)ZAMOOOOOOOOOOOOOOOOOOOMAXX
S                                                                                  - ---                    --=+++++++++++++=--    
S                                                                                                               ***********        
S                                                                                                                .........         
S                                                                                                                                  
S                                                                                                                                  
S                                                                                                                                  
                                                                                                                                   
S          -=-)Z))=)I-+)IIZ)+I+)))IIZZAMOOMMAXII)))II)IZ)ZIZXXXAMMMMMAAAMMMOOOOMMMMOOOOOOOOOOOOOAXIIIIZXMOOOOOOOOOOOOOOOOOOOOOOOOOM
S                                       --                                 ----    -------------         -=+++++++++++++++++++++-- 
S                                                                                                          ********************    
S                                                                                                          ....................    
S                                                                                                           --====---   -  ---     
S                                                                                                                                  
S                                                                                                                                  
                                                                                                                                   
S         ---+IZ++=))=)ZAXZ)II)))IZXXXAMMAXXZIII))IIZZXXIZIZZXXMMMMAXAAOOOOOOOOOMMOMOOOOOOOOOOOOOOOOOOOOOOOOOOOOOOOOOOOOOOOOOOOOOOO
S                                                                      ---------  - ------====---------------=++++=------=+++++++++
S                                                                                                                           *******
S                                                                                                                            ..... 
S                                                                                                                              --  
S                                                                                                                                  
S                                                                                                                                  
                                                                                                                                   
S         --+I))+==+))IMX)+++))))IZXXZXXZZZIIIIIIZXXOAOXZIXIZAAAAAXXAMOOOOOOOOOOOOMOMMOOOOOOOOOOOOOOOOMOOOOOOOOOOOOOOOOOOOOOOOOOOOO
S                                                   - -               ------------ -  ------========-- ------------------====++++++
S                                                                                                                             *****
S                                                                                                                                ..
S                                                                                                                                 -
S                                                                                                                                  
S                                                                                                                                  
                                                                                                                                   
S        --=))+=++++IZXI+===+)+))IIZZZZZZI))IIZZAOOOOAOXZZXIXXXAAXXAOOOOOOOOOOOOOOMMAAOOOOOOOOOOOOOOOOOOOOOOOOOOOOOOOOOOOOOOOOOOOOO
S                                                ---= -             ----==--------    -----------=+++=-----------=--===+===++++++++
S                                                                                                                               ***
S                                                                                                                                  
S                                                                                                                                  
S                                                                                                                                  
S                                                                                                                                  
                                                                                                                                   
S       ----++==)IIZXX)======+++)))IIII)))IIZXMOOOOMOMOAXAZXXXXXXXXOOOOOOOOOOOOOOMMMMMOOOOOOOOOOOOOOOOOOOOOOOOOOOOOOOOOOOOOOOOOOOOO
S                                              -=+= - =            ---=++++++++=-     ---==---------==+=----===========++++++++++++
S                                                                        *  *                                               *      
S                                                                                                                                  
S                                                                                                                                  
S                                                                                                                                  
S                                                                                                                                  
                                                                                                                                   
S       ---====+)ZZZX)========+))))III)+++)IMOOOOOOXOOOZOMXXXXZZXAMOOOOOOOOOOOOOOOOOOOOOOOOOOOOOOOOOOOOOOOOOOOOOOOOOOOOOOOOOOOOOOOO
S                                            -+++=- -+= -          --=++++++++++-------===-------------==---=+++++=+++++++++++++===
S                                                                       *******                                           ***      
S                                                                          ...                                                     
S                                                                                                                                  
S                                                                                                                                  
S                                                                                                                                  
                                                                                                                                   
S       -=-====)IZXI========+++))))II)++=+IAOOOOOOMMOOOZOOXXXXZZXAMOOOOOOOOOOOOOOOOOOOOOOOOOOOOOMMOOOOOOOOOOOOOOOOOOOOOOOOOOOOOOOOO
S                                           -++++-  ++= --         --=++++++++------------------  --------=--++++++++++++++++++====
S                                             **    **                 *******                                   ****              
S                                              .    ..                   ....                                                      
S                                                   -                      --                                                      
S                                                                                                                                  
S                                                                                                                                  
                                                                                                                                   
S      --=-====IZZI========++)))))))+++=+IXMOOOOOMOOOOOMAOMXXXXXXAMOOOOOOOOOOOOOOOOOOOOOOOOOOOMMMMMOOOOOOOOOOOOOOOOOOOOOOOOOOOOOOOO
S                                           =+++- -+++-  =         --=+++++++---=++=----------     -----======++++++++++++===---==-
S                                            ***   ***                 *****                                    *********          
S                                             .    ..                   ....                                       .               
S                                                   -                     --                                                       
S                                                                                                                                  
S                                                                                                                                  
                                                                                                                                   
S     ------=)IIZ)=-========+)))+))++++=+IMOOOOOOOOOOOOOXOOAXXXXXAMOOOOOOOOOOOOOOOOOOOOOOOOOOOOMMMMMOOOOOOOOOOOOOOOOOOOOOOOOOOOOOOO
S                                          -++++--++++-- =-        --=++++++---=++++-----------     -----+===+=++++++++++++==--=++=
S                                            **   ****                *****     ***                                *******         
S                                             .    ..                  ....      ..                                                
S                                                  --                    --       -                                                
S                                                                                                                                  
S                                                                                                                                  
                                                                                                                                   
S     ------=)IZI=--=====+==+))+)))+++==+IOOOOOOOOOOOOOOAOOMZZXXXAMOOOOOOOOOOOOOOOOOOMMMOOOOOOMMMAMOOOOOOOOOOOOOOOOOOOOOOOOOOOOOOOO
S                                         --++++-=++++== ==        -=++++++-----++++-   ------     ---===+++++++=++++++++++====+++=
S                                            **   ***                 *****      **                       *  **         **         
S                                             .   ...                  ...       ..                                                
S                                                 ---                   --       --                                                
S                                                                                                                                  
S                                                                                                                                  
                                                                                                                                   
S    -------=+I)=---=====++++))+))+++==+)ZOOOOOOOOOOOOOOOOOOXZZZZAMOOOOOOOOOOMMMOOOOOMMMOOOOOOOAXAMOOOOOOOOOOOOOOOOOOOOOOOOOOOOOOOO
S                                         -=++++-+++++++-=+-       -++++++=--   -+++-   ----==-    ---+++++++++++++++++++++++++++++
S                                           ***   **** *             *****       ***                   *  *** ***   **   **    **  
S                                            ..   ...                 ...         ..                          .                    
S                                                 -=-                  --         =-                                               
S                                                                                                                                  
S                                                                                                                                  
                                                                                                                                   
S   ---------==-----====++)))))))+=++=+)IZOOOOOOOOOOOOOOOOOMXXXXXMOOOOOOOOOMAXXMOOOOOOMOOOOOOOOMZXMOOOOOOOOOOOOOOOOOOOOOOOOOOOOOOOO
S                                         -=++++=+++++++-==       -=+++++--     -++++- ----=++=    --=+++++++++++++++++++++++++++++
S                                           **** *******            *****        ****                 *****************************
S                                            ..  .......             ...          ...                         ........   ...   ....
S                                            --  -==-                 --          -=-                          --         -        
S                                                                                                                                  
S                                                                                                                                  
                                                                                                                                   
S   ---------==-----=====+)))))))=====+)IIMOOOOOOOOOOOOOOOOMAAAXAMOOOOOOOOAXXXXOOOOOOOOOOOOOOOOOXXMOOOOOOOOOOOOOOOOOOOOOOOOOOOOOOOO
S                                          =++++++++++++-+=       -+++++=-     -=++++=---===+++-   --=+++++++++++++++++++++++++++++
S                                            *** *******            ****         ****        *         *** ************************
S                                            ... .......            ...           ...                   .     .....................
S                                            --  -==-                -            ---                          -------  ----  ---- 
S                                                                                                                                  
S                                                                                                                                  
                                                                                                                                   
S   --------==----=======++++))))+====+)IIXOOOOOOOOOOOOOOOOMMMAAMOOOOOOOOAXZZXAOOOOOOOOOOOOOOOOOXAMOOOOOOOOOOOOOOOOOOOOOOOOOOOOOOOO
S                                          -++++++++++++++-      -++++=--      -=++-++----=++++=   -=++++++++++++++++++++++++++++++
S                                           ************           ***           ** **       **      ******************************
S                                            ... ..... .           ..            .  ..                  ..    .....................
S                                            --- -==-               -               --                         ------------------  
S                                                                                                                                  
S                                                                                                                                  
                                                                                                                                   
S   --------------=======)++)I))+=====+IIIZOOOOOOOOOOOOOOOOMOOAMOOOOOOOOAXXZXXAOOOOOOOOOMOOOOOOOAMOOOOOOOOOOOOOOOOOOOOOOOOOOOOOOOOO
S                                          -++++++++++++++- --  -=+++=--       -++++++=- --+++++  --=++++++++++++++++++++++++++++++
S                                           *************         ***            ** **      ***       *****************************
S                                            ...........           .             .. ..        .                ....................
S                                            --- ----                               --                         -------------- ---  
S                                                                                                                                  
S                                                                                                                                  
                                                                                                                                   
S   ---------------======+++)))I+====+)IZZXMOOOOOOOOOOOOOOMOOMAOOOOMMOOOMAAAAAMOOOOOOOOOOMOOOOOOOOOOOOOOOOOOOOOOOOOOOOOOOOOOOOOOOOO
S                                           +++++++++++++= --  --+=  -+=       -+++++++=- -+++++-----++++++++++++++++++++++++++++++
S                                            ************                        *** **     ****      *****************************
S                                            ............                         .  ..       .          .  .  ....................
S                                             --------                            -           -                 ------------- ---- 
S                                                                                                                                  
S                                                                                                                                  
                                                                                                                                   
S  ----------------======+++))II+====+)IZZXOOOOOOOOOOOOOOOOMMMMOOOIZMOOOOOMOOMOOOOOOOOOOOOOOOOOOOOOOOOOOOOOOOOOOOOOOOOOOOOOOOOOOOOO
S                                          -=++++++++++++--    -=-   =+++- -- --++++++++---+++++-----++++++++++++++++++++++++++++++
S                                            ***********              **         *** ***   *****      *****************************
S                                             ..........              ..          .. ..      ...        ..  ..  ...................
S                                             --------                            -   -       -                  ------------ ---- 
S                                                                                                                                  
S                                                                                                                                  
                                                                                                                                   
S  -------==-------======++))III======)IZXAOOOOOOOOOOOOOOOMMMMMMMZ)IAOOOOOOOOOOOOOOOOOOOOOOOOOOOOOOOOOOOOOOOOOOOOOOOOOOOOOOOOOOOOOO
S                                          -++++++++++++=-           ++++-------++++++++=--+++++-----++++++++++++++++++++++++++++++
S                                            ***********             ****        *******   *****       ****************************
S                                             ........                ...        .......     ...        .    .   ..................
S                                              -------                --          --  -       --                 ------------- ----
S                                                                                                                                  
S                                                                                                                                  
                                                                                                                                   
S  ------====------===-=+)+))IZZ======+IZXOOOOOOOOOOOOOOOOAAAAXXZZI)ZOOOOOOOOOOOOOOOOOOOOOOOOOOOOOOOOOOOOOOOOOOOOOOOOOOOOOOOOOOOOOO
S                                         --=+++++++++++=-           -++++=----=+++++++++-=++++++----=+++++++++++++++++++++++++++++
S                                             **********              ***       ***** ***  *****       ****************************
S                                             .........               ...        ...  ..      ..             ..  ..................
S                                              ------                 --          --  --       -                  ------------  ---
S                                                                                                                                  
S                                                                                                                                  
                                                                                                                                   
S  --=----===---------==+++)IIZZ======+IXAOOOOOOOOOOOOOOOMAAAXZZZZZZIAOOOOOOOOOOOOOOOOOOOOOOOOOOOOOOOOOOOOOOOOOOOOOOOOOOOOOOOOOOOOO
S                                         --=++++++++++=-             -+++++===++++++++++=-++++++-----+++++++++++++++++++++++++++++
S                                             *********                ***      ***** ***  ******      ****************************
S                                              .......                 ..         ..  ...    ...                   ................
S                                               -----                   -         --  --       -                   ----------------
S                                                                                                                                  
S                                                                                                                                  
                                                                                                                                   
S --==--==+==---------==+)+)IZIZ+=====)ZXAOOOOOOOOOOOOOMAAAXXZIIZIIIXMOOOOOOOOOOOOOOOOOOOOOOOOOOOOOOOOOOOOOOOOOOOOOOOOOOOOOOOOOOOOO
S                                         --=++++++++=-               -=+++++++++++++++++=-++++++=----+++++++++++++++++++++++++++++
S                                             ******                    *****************   *****      ***** **********************
S                                               ...                     ...       ... ...   .....         .         ...............
S                                                -                       -         -- --                              --  ----- -- 
S                                                                                                                                  
S                                                                                                                                  
                                                                                                                                   
S ------==+==---------==+)))IZII+=====)IZAOOOOOOOOOOOMXZZZZZI)III))IAOOOOOOOOOOOOOOOOOOOOOOOOOOOOOOOOOOOOOOOOOOOOOOOOOOOOOOOOOOOOOO
S                                         --==+++++--                --++++++++++++++=++++-=++++++----=++++++++++++++++++++++++++++
S                                              ***                      ************* ***   *****      ***** **********************
S                                               .                        ....     ..   ..    ....         .         ...............
S                                                                        --        -   --                                -----   - 
S                                                                                                                                  
S                                                                                                                                  
                                                                                                                                   
S ------==+=----------==+)))IIZZ)=+===+IZXMOOOOOOOOMZI)))))I)+)))+)ZAOOOOOOOOOOOOOOOOOOOOOOOOOOOOOOOOOOOOOOOOOOOOOOOOOOOOOOOOOOOOOO
S                                          -=++++=-                  -+++++++++++++++=++++=-++++++----=++++++++++++++++++++++++++++
S                                             ***                      *************  ***    *****        ** **  * ****************
S                                                                       ....     ...   ..       .                        ..... ....
S                                                                        --        -   --                                   --    -
S                                                                                                                                  
S                                                                                                                                  
                                                                                                                                   
S ------==+=----------==+)I)IIZXI+++==)IZAOOOOOOOOOAI)))+)))++)I)))ZAOOOOOOOOOOOOOOOOOOOOOOOOOOOOOOMOOOOOOOOOOOOOOOOOOOOOOOOOOOOOOO
S                                         --==++=--                  -=+++++++++++++++++++=-++++++- ---=+++++++=++=++++++++++++++++
S                                                                      *******    *** ***    *****           *      ***************
S                                                                       ....      ... ...                                ..........
S                                                                                  -   --                                  --    --
S                                                                                                                                  
S                                                                                                                                  
                                                                                                                                   
S ------====----------==+)I)IZZZZ++++++)IZXMOOOOOOOMZI)I)I)II)IZIIIZXAOOOOOOOOOOOOOOOOOOOOOOOOOOOOOOOOOOOOOOOOOOOOOOOOOOOOOOOOOOOOO
S                                           --===--                   -++++++++++++++++++++=++++++=------=+++++++++++++++++++++++++
S                                                                       ******    ********   *****           *     ****************
S                                                                        ..        ...  .                            ..............
S                                                                                  --                                           ---
S                                                                                                                                  
S                                                                                                                                  
                                                                                                                                   
S ----=-=+=----------===+)ZIIIZXAI)++++))ZXAOOOOOOOOXZIIZZZZXXXXXXAXZZMOOOOOOOOOOOOOOOOOOOOOOOOOOOOOOOOOOOOOOOOOOOOOOOOOOOOOOOOOOOO
S                                           ---===--                   -=++++=---=+++++++++==+++++--------==+++++++++++++++++++++++
S                                                                        ***      ********                     ********************
S                                                                        ..        .. ...                       .   ...............
S                                                                                   -  --                             -----    --- 
S                                                                                                                                  
S                                                                                                                                  
                                                                                                                                   
S ------===----------===+)ZI)ZZXMI))+++)IZAMOOOOOOOOOOOOMMMMMMMAAAMAAXXOOOOOOOOOOOOOOOOOOOOOOOOOOOOOOOOOOOOOOOOOOOOOOOOOOOOOOOOOOOO
S                                           -=++++=-----               -++++=----==++++++++==+++++=--------=+++++++++++++++++++++++
S                                                                       ***        *******                   **********************
S                                                                        .          .....                       .   ...............
S                                                                        -          -----                             ----   ------
S                                                                                                                                  
S                                                                                                                                  
                                                                                                                                   
S ------====----------==+)I)IZXXAZI+=+=)IZAMOOOOOOOOOOOOOOOOOOOOOMAXZXOOOOOOOOOOOOOOOOOOOOOOOOOOOOOOOOOOOOOOOOOOOOOOOOOOOOOOOOOOOOO
S                                           -=++++++++++++-------     -++++=------=+++++++=========-------=++++++++++++++++++++++++
S                                              **********              ***          ******                 ************************
S                                                   ....               ...          ......                          ...............
S                                                   --                  -            --==-                                  -------
S                                                                                                                                  
S                                                                                                                                  
                                                                                                                                   
S -=----====-=--------==+)I)IZXXAZI+===+)ZXMOOOOOOOOOOOOOOOOOOOOOOOOZXOOOOOOOOOOOOOOOOOOOOOOOOOOOOOOOOOOOOOOOOOOOOOOOOOOOOOOOOOOOOO
S                                           --=+++++++++++=---------  -+++--------=++++++++=---=++=-------+++++++++++++++++++++++++
S                                               **********              *          *******                *** ** ******************
S                                                 .......                            .....                         ..... ......... 
S                                                  ----                               -==                                  ------- 
S                                                                                                                                  
S                                                                                                                                  
                                                                                                                                   
S  ------==-----------==+)IIIXAXAI)+===)IZAOOOOOOOOOOOOOOOOOOOOOOOOOOOOOOOOOOMOMMOOOOOOOOOOOOOOOOOOOOOOOOOOOOOOOOOOOOOOOOOOOOOOOOOM
S                                          ---=++++++++++++=-------==-===---- -  --=+++++++=====++===---=++++++++++++++++++++++++= 
S                                               ***********                          *****                **    *****************  
S                                                .........                            ...                           .............  
S                                                 -------                             -=-                                 -------  
S                                                                                                                                  
S                                                                                                                                  
                                                                                                                                   
S   ----------------==-=+II)IZXAAI)====+IZAOOOOOOOOOOOOOOOOOOOOOOOOOOOOOOOOOOMMOMOOOOOOOOOOOOOOOOOOOOOOOOOOOOOOOOOOOOOOOOOOOOOOOOMA
S                                          --==+++++++++++++=--------+++++=--  - ----++++++++++=++====-=++++==++++++++++++++++++-  
S                                               ************          ****            *****                    ** **************   
S                                                ..........            .              ...                           .. ........    
S                                                -------                               -                                 ------    
S                                                                                                                                  
S                                                                                                                                  
                                                                                                                                   
S    ---------------====+)IIIZXAAI)+=+==)ZAMOOOOOOOOOOOOOOOOOOOOOOOMOOOOOOOOOOOOOOOOOOOOOOOOOOOOOOOOOOOOOOOOOOOOOOOOOOOOOOOOOOOOAMA
S                                           -=+++++++++++++++=----- --=++++++-------=+++++++++++=====--=++===++++++++++++++++++-   
S                                              **************          *****          ****                     ** ************     
S                                                ............            ..                                           ........     
S                                                -------                                                                ------     
S                                                                                                                                  
S                                                                                                                                  
                                                                                                                                   
S    -----------------=+++IIIZXXAXI+++=+IZAMMOOOOOOOOOOOOOOOOOOOOOOOOMOOOOOOOOOOOOOOOOOOOOOOOOOOOOOOOOOOOOOOOOOOOOOOOOOOOOOOOOMMAAA
S                                            -++++++++++++++++=------ --+++++++------========++=======+==-==+++++++++++++++++-     
S                                              ***************           *****                                 * * **********      
S                                              ...........  ..             ...                                       .......       
S                                                ----=--                   --                                         ------       
S                                                                                                                                  
S                                                                                                                                  
                                                                                                                                   
S    ----------------==))+)IIZXXAAI)))=)IZXXMOOOOOOOOOOOOOOOOOOOMMOOMMOOOOOOOOOOOOOOOOOOOOOOOOOOOOOOOOOOOOOOOOOOOOOOOOOOOOOOOMMMAAM
S                                            -+++++++++++++++++-  --  ---++++++++======++=--==--=--====--=+++++++++++++++++=-      
S                                              ****************            *****                               *   ********        
S                                               ...........  .               ..                                     .......        
S                                               -----==-                                                             -----         
S                                                                                                                                  
S                                                                                                                                  
                                                                                                                                   
S    -------==------===+)))IIZXXXMZI))=+IZZXAOOOOOOOOOOOOOOOOOOOOMMOOMOOOOOOOOOOOOOOOOOOOOOOOOOOOOOOOOOOOOOOOOOOOOOOOOOOOOOMMAAMAAX
S                                            -++++++++++++++=+++-  -- ----=++++++++++++==--------------=+++++++++++++++++=-        
S                                              *************  *                 *                                ********          
S                                               .........     .                                                    .....           
S                                               -----===                                                            ----           
S                                                                                                                                  
S                                                                                                                                  
                                                                                                                                   
S    -------=------=====+))IIZXXAMXZ)))+)ZZZAOOOOOOOOOOOOOOOOOOOOOMMOOOOOOOOOOOOOOOOOOOOOOOOOOOOOOOOOOOOOOOOOOOOOOOOOOOOOMMAAAMMAXX
S                                            -=+++++++++++++=-++--  --------==++======----------------=++==++==+++++++++-          
S                                               ***********   **                                                *******            
S                                                ........                                                       .......            
S                                                -------                                                         ------            
S                                                                                                                                  
S                                                                                                                                  
                                                                                                                                   
S     --------=-=--=====+)))IIZXAMAZI))+)IIZXOOOOOOOOOOOOOOOOOOOOOOOMOOOOOOOOOOOOOOOOOOOOOOOOOOOOOOOOOOOOOOOOOOOOOOOOOOMMAAAMMAAXXX
S                                            -=++++++++++++==-=+---- --------===---------------------==-=====+++++++++-            
S                                               ******* **     *                                              *******              
S                                                .....                                                         ......              
S                                                -  --                                                         ------              
S                                                                                                                                  
S                                                                                                                                  
                                                                                                                                   
S      ----------=--====+)))IZZZXAAZZII++)IIZMOOOOOOOOOOOOOOOMOOOMOOOOOOOOOOOOOOOOOOOOOOOOOOOOOOOOOOOOOOOOOOOOOOOOOOOMMAAMAAAAAXXXZ
S                                             --++++++++++=== -+- -----------------------------------------+++++++++-              
S                                               *********                                                   *******                
S                                                .. ...                                                      ......                
S                                                -  --                                                       ------                
S                                                                                                                                  
S                                                                                                                                  
                                                                                                                                   
S       -------==---====+)))IIZZZXAZIIII+))IIXOOOOOOOOOOOOOOOMOOOOMOOOOOOOOOOOOOOOOOOOOOOOOOOOMOOOOOOOOOOOOOOOOOOOOMAAAXXAMMAAXXXZZ
S                                             --=+++++++++=-- -=-- --------------------------- --------++++++++++=-                
S                                                ** *****                                               *********                  
S                                                ..  ...                                                 ........                  
S                                                    ---                                                  ------                   
S                                                                                                                                  
S                                                                                                                                  
                                                                                                                                   
S        ------=+=---==+++))IIZZZZXXIIIZI))I)ZOOOOOOOOOOOOOOOMMOMMOOOOOOOOOOOOOOOOOOOOOOOMMMMMOX--=XOOOOOOOOOOOOMMAXXXXAAAAXXXZZXXZ
S                                             ---++++++++++--  -  -----------------------     -     -+++++++++--                   
S                                                 **  ****                                            *******                      
S                                                     ....                                            .......                      
S                                                     --                                               -----                       
S                                                                                                                                  
S                                                                                                                                  
                                                                                                                                   
S         -------==---===++)IIIZZZZXZIIZZI)I)IAOOOOOOOOOOOOOOOMAOMMMOOOOOOOOOOOOOOOOOMMMMAAOOM+-   -)AOOOOOOMMAAAAXXXXXAXXXXXZZZZZZ
S                                              --=+++++++++=--  -   -----------------      --         ------                       
S                                                  **  ***                                                                         
S                                                       .                                                                          
S                                                                                                                                  
S                                                                                                                                  
S                                                                                                                                  
                                                                                                                                   
S           ------=======++))IIIIIIZZZIIZZII))IXOOOOOOOOOOOOOOOAXMMMMMOOOOOOOOOOOOMOMMMMMOMZ=-       -+IZXXZXZZZZZXXXXZXXZZZZZZZZZZ
S                                               -==++++=-+++---       ------------ -     -                                         
S                                                  ****                                                                            
S                                                                                                                                  
S                                                                                                                                  
S                                                                                                                                  
S                                                                                                                                  
                                                                                                                                   
S            -----=-++====++))))IIIIZZZZIZXZI)IZMMOOOOOOOOOOOOMMAXXAMOOOOOOOMMMMMMMMMMOOA+-     -      =IIIIZZZIZZZZZZZZZZZZZZZXZZ)
S                                                 --=+++==+---       -------          --                                           
S                                                                                                                                  
S                                                                                                                                  
S                                                                                                                                  
S                                                                                                                                  
S                                                                                                                                  
                                                                                                                                   
S             ------=+)===+++))IIIZIIZZZZZXXZZIIZZZAAAAAAMMMOAXAAXXAMMMOMMMMMMMMMMMMMA=--               -=+))IIIIIZIIIIIZZZZZZXZI==
S                                                           -          -                                                           
S                                                                                                                                  
S                                                                                                                                  
S                                                                                                                                  
S                                                                                                                                  
S                                                                                                                                  
                                                                                                                                   
S              -----===+====+))))IIIIIZZZXXXXXXXZZZXZZZZZIIIXZZZXAAAAMMMAMMMMMAAAXAOO)                   ===++)IIIIIIIIZZZZZZZI==)O
S                                                                                  -=                                             -
S                                                                                                                                  
S                                                                                                                                  
S                                                                                                                                  
S                                                                                                                                  
S                                                                                                                                  
                                                                                                                                   
S               ----=+=)===++++++))IIZZZZXXXAAAAAAAXXXXXZZZIIIZZZXXXXAMAXXAMXZZXZZXOX-                   -=++))))IIIIIIIZZZI)==IMOM
S                                                                                  -                                             - 
S                                                                                                                                  
S                                                                                                                                  
S                                                                                                                                  
S                                                                                                                                  
S                                                                                                                                  
                                                                                                                                   
S               -----==+==+)I+I)++))IIIZZXXAAMAAMMMMOOOOMOOXXXXZXXXOOOOOOOOMAMZZZZ)--                    --=))))))IIIIIZZI==)ZXMMAM
S                                                   ---- --        --=++=--                                                        
S                                                                                                                                  
S                                                                                                                                  
S                                                                                                                                  
S                                                                                                                                  
S                                                                                                                                  
                                                                                                                                   
S                -==-=+)+=+)I))ZIIIIIIIZZZXXAMAAMMMOOOOOOOOOMMAXAMOOOOOOOOMAXI=---                        --+)IIIIIIIZZI==)ZAXXXMMM
S                                                  ---------      -=++++=-                                                         
S                                                                    **                                                            
S                                                                                                                                  
S                                                                                                                                  
S                                                                                                                                  
S                                                                                                                                  
                                                                                                                                   
S                 ----=)I==IIZ)ZIIXXZIZXXXXXAAAAMMMMMMMMOOOOOOOOOOOOOOOOA+=--                              --=+))I)I))==IMOMMMAAOMA
S                                                       ----------------                                                  -     -  
S                                                                                                                                  
S                                                                                                                                  
S                                                                                                                                  
S                                                                                                                                  
S                                                                                                                                  
                                                                                                                                   
S                   ---=+)+)ZXZIZIXAAXZXXXXXXXXAMMAMAXZI+=IMMOOOOOOOOOA+--                                   --========ZMOOAXXXXMMM
S                                                            -=++=-==-                                                   --        
S                                                                                                                                  
S                                                                                                                                  
S                                                                                                                                  
S                                                                                                                                  
S                                                                                                                                  
                                                                                                                                   
S                      ----=)ZZZZXXAMOMAXXXXXAAMXI)==---  =ZXOOOOOOOA+-                                       --====+)IIZZZIIIIZZXX
S                                    -                       ++++++=                                                               
S                                                             *****                                                                
S                                                             ....                                                                 
S                                                                                                                                  
S                                                                                                                                  
S                                                                                                                                  
                                                                                                                                   
S                          --=+)ZXXMAAOOAXAXXZZI---       -=ZOOOOAI=-                                           =I)))))+)II))))IZZI
S                                     --                     =++-                                                                  
S                                                             *                                                                    
S                                                                                                                                  
S                                                                                                                                  
S                                                                                                                                  
S                                                                                                                                  
                                                                                                                                   
S                             ---=+)IZZZII)+==--            -==---                                              -Z)=)+==+)I)))))IZI
S                                                                                                                                  
S                                                                                                                                  
S                                                                                                                                  
S                                                                                                                                  
S                                                                                                                                  
S                                                                                                                                  
                                                                                                                                   
S                                 -----=-----                                                                    =I+====+))))+)IIII
S                                                                                                                                  
S                                                                                                                                  
S                                                                                                                                  
S                                                                                                                                  
S                                                                                                                                  
S                                                                                                                                  
                                                                                                                                   
S                                      -                                                                         -))=====+)++++)III
S                                                                                                                                  
S                                                                                                                                  
S                                                                                                                                  
S                                                                                                                                  
S                                                                                                                                  
S                                                                                                                                  
                                                                                                                                   
S                                                                                                                 -)+====+++++++IIZ
S                                                                                                                                  
S                                                                                                                                  
S                                                                                                                                  
S                                                                                                                                  
S                                                                                                                                  
S                                                                                                                                  
                                                                                                                                   
S                                                                                                                 -======+))+++))II
S                                                                                                                                  
S                                                                                                                                  
S                                                                                                                                  
S                                                                                                                                  
S                                                                                                                                  
S                                                                                                                                  
                                                                                                                                   
S                                                                                                                  -======))+=++)I)
S                                                                                                                                  
S                                                                                                                                  
S                                                                                                                                  
S                                                                                                                                  
S                                                                                                                                  
S                                                                                                                                  
                                                                                                                                   
S                                                                                                                   -==-==+))+++)II
S                                                                                                                                  
S                                                                                                                                  
S                                                                                                                                  
S                                                                                                                                  
S                                                                                                                                  
S                                                                                                                                  
                                                                                                                                   
S                                                                                                                   --=--=+)+)++)II
S                                                                                                                                  
S                                                                                                                                  
S                                                                                                                                  
S                                                                                                                                  
S                                                                                                                                  
S                                                                                                                                  
                                                                                                                                   
S                                                                                                                    ---))))))IZ)))
S                                                                                                                                  
S                                                                                                                                  
S                                                                                                                                  
S                                                                                                                                  
S                                                                                                                                  
S                                                                                                                                  
                                                                                                                                   
S                                                                                                                     --==+))))))))
S                                                                                                                                  
S                                                                                                                                  
S                                                                                                                                  
S                                                                                                                                  
S                                                                                                                                  
S                                                                                                                                  
                                                                                                                                   
S                                                                                                                       ---=+))))))
S                                                                                                                                  
S                                                                                                                                  
S                                                                                                                                  
S                                                                                                                                  
S                                                                                                                                  
S                                                                                                                                  
                                                                                                                                   
S                                                                                                                          --+++)))
S                                                                                                                                  
S                                                                                                                                  
S                                                                                                                                  
S                                                                                                                                  
S                                                                                                                                  
S                                                                                                                                  
                                                                                                                                   
Processing date = 04/17/15, Time = 15:27:35 File = C:\1401Pictures\GlenLea\GlennLea.raw                                             
